bun test v1.3.0 (b0a6feca)

packages/sales/src/sales-pipeline-order.test.ts:
(pass) buildCanonicalSalesSourceRevision > changes when either detailed or pipeline evidence changes [0.31ms]
(pass) resolveSalesPipelineSnapshotFromOrder > reads the saved requirement when a legacy total is zero without inventing progress [1.04ms]
(pass) resolveSalesPipelineSnapshotFromOrder > builds identical canonical presentation data for every order consumer [0.13ms]
(pass) resolveSalesPipelineSnapshotFromOrder > does not promote a legacy completed Dispatch without proof [0.45ms]
(pass) resolveSalesPipelineSnapshotFromOrder > ignores a cancelled predecessor when a replacement Dispatch proves fulfillment [0.16ms]
(pass) getSalesPipelineSnapshots > loads independent evidence concurrently without changing the canonical snapshot [1.05ms]
(pass) getSalesPipelineSnapshots > loads report-sized status inputs in bounded batches [0.30ms]
(pass) getSalesPipelineSnapshots > rejects missing grandTotal evidence instead of manufacturing an empty stage [0.27ms]
(pass) getSalesPipelineSnapshots > rejects missing itemControls evidence instead of manufacturing an empty stage [0.05ms]
(pass) getSalesPipelineSnapshots > rejects missing assignments evidence instead of manufacturing an empty stage [0.02ms]
(pass) getSalesPipelineSnapshots > rejects missing deliveries evidence instead of manufacturing an empty stage [0.03ms]

packages/sales/src/sales-pipeline-commands.test.ts:
(pass) evaluateSalesPipelineCommand > keeps fully reported work awaiting review and permits a remaining unit (0) [0.46ms]
(pass) evaluateSalesPipelineCommand > keeps fully reported work awaiting review and permits a remaining unit (1) [0.04ms]
(pass) evaluateSalesPipelineCommand > does not let excess reports on one assignment cover another assignment [0.05ms]
(pass) evaluateSalesPipelineCommand > rejects stale, unauthorized, and conflicting transitions before writes [0.04ms]
(pass) evaluateSalesPipelineCommand > returns a replay for terminal evidence and central affected scopes [0.05ms]
(pass) evaluateSalesPipelineCommand > governs administrative completion and cancellation without fabricating workflow proof [0.05ms]
(pass) evaluateSalesPipelineCommand > binds an administrative override to the exceptional stage [0.15ms]
(pass) evaluateSalesPipelineCommand > allows known cross-stage conflicts to remain informational for a deliberate status-only action [0.08ms]
(pass) evaluateSalesPipelineCommand > retains known cross-stage conflict codes when the selected stage is unavailable [0.05ms]
(pass) evaluateSalesPipelineCommand > requires the explicit override contract for an exceptional stage [0.04ms]
(pass) evaluateSalesPipelineCommand > permits confirmed completion overrides without a user-written reason [0.13ms]
(pass) evaluateSalesPipelineCommand > governs assignment creation and rejects impossible operational transitions [0.06ms]
(pass) evaluateSalesPipelineCommand > permits departure only for an item-bearing packed dispatch [0.03ms]
(pass) evaluateSalesPipelineCommand > keeps the audited review-resolution path available for review-owned conflicts [0.07ms]

packages/sales/src/bulk-production-completion.test.ts:
(pass) bulk production completion > recognizes every lifecycle state already past production completion [0.03ms]
(pass) bulk production completion > deduplicates valid ids and rejects oversized batches [0.11ms]
(pass) bulk production completion > skips completed orders and reports stale or cancelled rows [0.09ms]
(pass) bulk production completion > summarizes actual completion, review, skip, and failure outcomes [0.07ms]

 29 pass
 0 fail
 71 expect() calls
Ran 29 tests across 3 files. [692.00ms]
