{
  "production": {
    "applicability": "required",
    "state": "awaiting_review",
    "requiredQty": 8,
    "assignedQty": 8,
    "completedQty": 0,
    "assignmentIds": [
      13220,
      13221
    ]
  },
  "submissions": [
    {
      "id": 14973,
      "assignmentId": 13220,
      "active": true,
      "quantity": 3,
      "reviewStatus": "PENDING",
      "createdAt": "2026-10-02T16:07:57.000Z"
    },
    {
      "id": 14974,
      "assignmentId": 13220,
      "active": true,
      "quantity": 3,
      "reviewStatus": "PENDING",
      "createdAt": "2026-10-02T16:08:33.000Z"
    },
    {
      "id": 14975,
      "assignmentId": 13221,
      "active": true,
      "quantity": 2,
      "reviewStatus": "PENDING",
      "createdAt": "2026-10-02T16:08:33.000Z"
    }
  ],
  "decision": {
    "action": "production.complete",
    "revision": "5acef7a874f64ac1311f977572b4261b875982679480114a9b0e4730e69c3640",
    "affectedScopes": [
      "sales.orders",
      "sales.overview",
      "production.queue",
      "production.calendar",
      "production.summary",
      "fulfillment.backlog"
    ],
    "status": "ready",
    "reasons": []
  }
}
 6 | const db = new PrismaClient();
 7 | try {
 8 |  const snapshot = (await getSalesPipelineSnapshots(db as never,[26027])).get(26027)!;
 9 |  const decision = evaluateSalesPipelineCommand(snapshot,{action:"production.complete",authorized:true,expectedRevision:snapshot.revision});
10 |  console.log(JSON.stringify({production:snapshot.production,submissions:snapshot.evidence.production.submissions,decision},null,2));
11 |  if(decision.status!=="review_required") throw new Error("Fully reported pending work must await review instead of scheduling an empty submission");
                                                        ^
error: Fully reported pending work must await review instead of scheduling an empty submission
      at /Users/M1PRO/Documents/code/_turbo/gnd/.scratch/production-completion-repro.ts:11:52

Bun v1.3.0 (macOS arm64)
