@gnd/jobs typecheck: ../db/src/queries/assistant.ts(1320,15): error TS2339: Property 'providerAttempted' does not exist on type 'InputJsonObject | InputJsonArray | { toJSON(): unknown; }'.
@gnd/jobs typecheck:   Property 'providerAttempted' does not exist on type 'InputJsonArray'.
@gnd/jobs typecheck: ../db/src/queries/assistant.ts(1385,15): error TS2339: Property 'providerAttempted' does not exist on type 'InputJsonObject | InputJsonArray | { toJSON(): unknown; }'.
@gnd/jobs typecheck:   Property 'providerAttempted' does not exist on type 'InputJsonArray'.
@gnd/jobs typecheck: src/tasks/sales/apply-sales-order-adjustment.ts(666,83): error TS2322: Type 'string | undefined' is not assignable to type 'string'.
@gnd/jobs typecheck:   Type 'undefined' is not assignable to type 'string'.
@gnd/jobs typecheck: ../notifications/src/sales-form-change-activity.ts(144,36): error TS2322: Type 'string | undefined' is not assignable to type 'string'.
@gnd/jobs typecheck:   Type 'undefined' is not assignable to type 'string'.
@gnd/jobs typecheck: ../notifications/src/sales-form-change-activity.ts(144,45): error TS2322: Type 'string | undefined' is not assignable to type 'string'.
@gnd/jobs typecheck:   Type 'undefined' is not assignable to type 'string'.
@gnd/jobs typecheck: ../sales/src/copy-sales.ts(521,7): error TS2322: Type 'string | null' is not assignable to type 'string'.
@gnd/jobs typecheck:   Type 'null' is not assignable to type 'string'.
@gnd/jobs typecheck: ../sales/src/print/dealer-pricing-surface.ts(310,33): error TS2550: Property 'findLastIndex' does not exist on type '{ qty: any; rate: number; total: number; meta: unknown; shelfItems: any; housePackageTool: any; }[]'. Do you need to change your target library? Try changing the 'lib' compiler option to 'es2023' or later.
@gnd/jobs typecheck: ../ui/src/components/alert-dialog.tsx(78,6): error TS2322: Type '{ ref?: Ref<HTMLDivElement> | undefined; key?: Key | null | undefined; defaultChecked?: boolean | undefined; defaultValue?: string | number | readonly string[] | undefined; ... 276 more ...; className: string; }' is not assignable to type 'DetailedHTMLProps<HTMLAttributes<HTMLDivElement>, HTMLDivElement>'.
@gnd/jobs typecheck:   Type '{ ref?: Ref<HTMLDivElement> | undefined; key?: Key | null | undefined; defaultChecked?: boolean | undefined; defaultValue?: string | number | readonly string[] | undefined; ... 276 more ...; className: string; }' is not assignable to type 'ClassAttributes<HTMLDivElement>'.
@gnd/jobs typecheck:     Types of property 'ref' are incompatible.
@gnd/jobs typecheck:       Type 'import("/Users/M1PRO/Documents/code/_turbo/gnd/node_modules/.bun/@types+react@19.2.17/node_modules/@types/react/index").Ref<HTMLDivElement> | undefined' is not assignable to type 'React.Ref<HTMLDivElement> | undefined'.
@gnd/jobs typecheck:         Type '(instance: HTMLDivElement | null) => void | (() => VoidOrUndefinedOnly)' is not assignable to type 'Ref<HTMLDivElement> | undefined'.
@gnd/jobs typecheck:           Type '(instance: HTMLDivElement | null) => void | (() => VoidOrUndefinedOnly)' is not assignable to type '(instance: HTMLDivElement | null) => void | (() => VoidOrUndefinedOnly)'. Two different types with this name exist, but they are unrelated.
@gnd/jobs typecheck:             Type 'void | (() => VoidOrUndefinedOnly)' is not assignable to type 'void | (() => VoidOrUndefinedOnly)'. Two different types with this name exist, but they are unrelated.
@gnd/jobs typecheck:               Type '() => VoidOrUndefinedOnly' is not assignable to type 'void | (() => VoidOrUndefinedOnly)'.
@gnd/jobs typecheck:                 Type '() => VoidOrUndefinedOnly' is not assignable to type '() => VoidOrUndefinedOnly'. Two different types with this name exist, but they are unrelated.
@gnd/jobs typecheck:                   Type 'VoidOrUndefinedOnly' is not assignable to type 'VoidOrUndefinedOnly'. Two different types with this name exist, but they are unrelated.
@gnd/jobs typecheck:                     Type '{ [UNDEFINED_VOID_ONLY]: never; }' is not assignable to type 'VoidOrUndefinedOnly'.
@gnd/jobs typecheck: ../ui/src/components/alert-dialog.tsx(94,6): error TS2322: Type '{ ref?: Ref<HTMLDivElement> | undefined; key?: Key | null | undefined; defaultChecked?: boolean | undefined; defaultValue?: string | number | readonly string[] | undefined; ... 276 more ...; className: string; }' is not assignable to type 'DetailedHTMLProps<HTMLAttributes<HTMLDivElement>, HTMLDivElement>'.
@gnd/jobs typecheck:   Type '{ ref?: Ref<HTMLDivElement> | undefined; key?: Key | null | undefined; defaultChecked?: boolean | undefined; defaultValue?: string | number | readonly string[] | undefined; ... 276 more ...; className: string; }' is not assignable to type 'ClassAttributes<HTMLDivElement>'.
@gnd/jobs typecheck:     Types of property 'ref' are incompatible.
@gnd/jobs typecheck:       Type 'import("/Users/M1PRO/Documents/code/_turbo/gnd/node_modules/.bun/@types+react@19.2.17/node_modules/@types/react/index").Ref<HTMLDivElement> | undefined' is not assignable to type 'React.Ref<HTMLDivElement> | undefined'.
@gnd/jobs typecheck:         Type '(instance: HTMLDivElement | null) => void | (() => VoidOrUndefinedOnly)' is not assignable to type 'Ref<HTMLDivElement> | undefined'.
@gnd/jobs typecheck:           Type '(instance: HTMLDivElement | null) => void | (() => VoidOrUndefinedOnly)' is not assignable to type '(instance: HTMLDivElement | null) => void | (() => VoidOrUndefinedOnly)'. Two different types with this name exist, but they are unrelated.
@gnd/jobs typecheck:             Type 'void | (() => VoidOrUndefinedOnly)' is not assignable to type 'void | (() => VoidOrUndefinedOnly)'. Two different types with this name exist, but they are unrelated.
@gnd/jobs typecheck:               Type '() => VoidOrUndefinedOnly' is not assignable to type 'void | (() => VoidOrUndefinedOnly)'.
@gnd/jobs typecheck:                 Type '() => VoidOrUndefinedOnly' is not assignable to type '() => VoidOrUndefinedOnly'. Two different types with this name exist, but they are unrelated.
@gnd/jobs typecheck:                   Type 'VoidOrUndefinedOnly' is not assignable to type 'VoidOrUndefinedOnly'. Two different types with this name exist, but they are unrelated.
@gnd/jobs typecheck:                     Type '{ [UNDEFINED_VOID_ONLY]: never; }' is not assignable to type 'VoidOrUndefinedOnly'.
@gnd/jobs typecheck: ../ui/src/components/alert-dialog.tsx(139,6): error TS2322: Type '{ ref?: Ref<HTMLDivElement> | undefined; key?: Key | null | undefined; defaultChecked?: boolean | undefined; defaultValue?: string | number | readonly string[] | undefined; ... 276 more ...; className: string; }' is not assignable to type 'DetailedHTMLProps<HTMLAttributes<HTMLDivElement>, HTMLDivElement>'.
@gnd/jobs typecheck:   Type '{ ref?: Ref<HTMLDivElement> | undefined; key?: Key | null | undefined; defaultChecked?: boolean | undefined; defaultValue?: string | number | readonly string[] | undefined; ... 276 more ...; className: string; }' is not assignable to type 'ClassAttributes<HTMLDivElement>'.
@gnd/jobs typecheck:     Types of property 'ref' are incompatible.
@gnd/jobs typecheck:       Type 'import("/Users/M1PRO/Documents/code/_turbo/gnd/node_modules/.bun/@types+react@19.2.17/node_modules/@types/react/index").Ref<HTMLDivElement> | undefined' is not assignable to type 'React.Ref<HTMLDivElement> | undefined'.
@gnd/jobs typecheck:         Type '(instance: HTMLDivElement | null) => void | (() => VoidOrUndefinedOnly)' is not assignable to type 'Ref<HTMLDivElement> | undefined'.
@gnd/jobs typecheck:           Type '(instance: HTMLDivElement | null) => void | (() => VoidOrUndefinedOnly)' is not assignable to type '(instance: HTMLDivElement | null) => void | (() => VoidOrUndefinedOnly)'. Two different types with this name exist, but they are unrelated.
@gnd/jobs typecheck:             Type 'void | (() => VoidOrUndefinedOnly)' is not assignable to type 'void | (() => VoidOrUndefinedOnly)'. Two different types with this name exist, but they are unrelated.
@gnd/jobs typecheck:               Type '() => VoidOrUndefinedOnly' is not assignable to type 'void | (() => VoidOrUndefinedOnly)'.
@gnd/jobs typecheck:                 Type '() => VoidOrUndefinedOnly' is not assignable to type '() => VoidOrUndefinedOnly'. Two different types with this name exist, but they are unrelated.
@gnd/jobs typecheck:                   Type 'VoidOrUndefinedOnly' is not assignable to type 'VoidOrUndefinedOnly'. Two different types with this name exist, but they are unrelated.
@gnd/jobs typecheck:                     Type '{ [UNDEFINED_VOID_ONLY]: never; }' is not assignable to type 'VoidOrUndefinedOnly'.
@gnd/jobs typecheck: ../ui/src/components/button-group.tsx(32,6): error TS2322: Type '{ ref?: Ref<HTMLDivElement> | undefined; key?: Key | null | undefined; defaultChecked?: boolean | undefined; defaultValue?: string | number | readonly string[] | undefined; ... 277 more ...; className: string; }' is not assignable to type 'DetailedHTMLProps<HTMLAttributes<HTMLDivElement>, HTMLDivElement>'.
@gnd/jobs typecheck:   Type '{ ref?: Ref<HTMLDivElement> | undefined; key?: Key | null | undefined; defaultChecked?: boolean | undefined; defaultValue?: string | number | readonly string[] | undefined; ... 277 more ...; className: string; }' is not assignable to type 'ClassAttributes<HTMLDivElement>'.
@gnd/jobs typecheck:     Types of property 'ref' are incompatible.
@gnd/jobs typecheck:       Type 'import("/Users/M1PRO/Documents/code/_turbo/gnd/node_modules/.bun/@types+react@19.2.17/node_modules/@types/react/index").Ref<HTMLDivElement> | undefined' is not assignable to type 'React.Ref<HTMLDivElement> | undefined'.
@gnd/jobs typecheck:         Type '(instance: HTMLDivElement | null) => void | (() => VoidOrUndefinedOnly)' is not assignable to type 'Ref<HTMLDivElement> | undefined'.
@gnd/jobs typecheck:           Type '(instance: HTMLDivElement | null) => void | (() => VoidOrUndefinedOnly)' is not assignable to type '(instance: HTMLDivElement | null) => void | (() => VoidOrUndefinedOnly)'. Two different types with this name exist, but they are unrelated.
@gnd/jobs typecheck:             Type 'void | (() => VoidOrUndefinedOnly)' is not assignable to type 'void | (() => VoidOrUndefinedOnly)'. Two different types with this name exist, but they are unrelated.
@gnd/jobs typecheck:               Type '() => VoidOrUndefinedOnly' is not assignable to type 'void | (() => VoidOrUndefinedOnly)'.
@gnd/jobs typecheck:                 Type '() => VoidOrUndefinedOnly' is not assignable to type '() => VoidOrUndefinedOnly'. Two different types with this name exist, but they are unrelated.
@gnd/jobs typecheck:                   Type 'VoidOrUndefinedOnly' is not assignable to type 'VoidOrUndefinedOnly'. Two different types with this name exist, but they are unrelated.
@gnd/jobs typecheck:                     Type '{ [UNDEFINED_VOID_ONLY]: never; }' is not assignable to type 'VoidOrUndefinedOnly'.
@gnd/jobs typecheck: ../ui/src/components/calendar.tsx(126,15): error TS2322: Type 'Ref<HTMLDivElement>' is not assignable to type 'Ref<HTMLDivElement> | undefined'.
@gnd/jobs typecheck:   Type '(instance: HTMLDivElement | null) => void | (() => VoidOrUndefinedOnly)' is not assignable to type 'Ref<HTMLDivElement> | undefined'.
@gnd/jobs typecheck:     Type '(instance: HTMLDivElement | null) => void | (() => VoidOrUndefinedOnly)' is not assignable to type '(instance: HTMLDivElement | null) => void | (() => VoidOrUndefinedOnly)'. Two different types with this name exist, but they are unrelated.
@gnd/jobs typecheck:       Type 'void | (() => VoidOrUndefinedOnly)' is not assignable to type 'void | (() => VoidOrUndefinedOnly)'. Two different types with this name exist, but they are unrelated.
@gnd/jobs typecheck:         Type '() => VoidOrUndefinedOnly' is not assignable to type 'void | (() => VoidOrUndefinedOnly)'.
@gnd/jobs typecheck:           Type '() => VoidOrUndefinedOnly' is not assignable to type '() => VoidOrUndefinedOnly'. Two different types with this name exist, but they are unrelated.
@gnd/jobs typecheck:             Type 'VoidOrUndefinedOnly' is not assignable to type 'VoidOrUndefinedOnly'. Two different types with this name exist, but they are unrelated.
@gnd/jobs typecheck:               Type '{ [UNDEFINED_VOID_ONLY]: never; }' is not assignable to type 'VoidOrUndefinedOnly'.
@gnd/jobs typecheck: ../ui/src/components/empty.tsx(9,6): error TS2322: Type '{ ref?: Ref<HTMLDivElement> | undefined; key?: Key | null | undefined; defaultChecked?: boolean | undefined; defaultValue?: string | number | readonly string[] | undefined; ... 276 more ...; className: string; }' is not assignable to type 'DetailedHTMLProps<HTMLAttributes<HTMLDivElement>, HTMLDivElement>'.
@gnd/jobs typecheck:   Type '{ ref?: Ref<HTMLDivElement> | undefined; key?: Key | null | undefined; defaultChecked?: boolean | undefined; defaultValue?: string | number | readonly string[] | undefined; ... 276 more ...; className: string; }' is not assignable to type 'ClassAttributes<HTMLDivElement>'.
@gnd/jobs typecheck:     Types of property 'ref' are incompatible.
@gnd/jobs typecheck:       Type 'import("/Users/M1PRO/Documents/code/_turbo/gnd/node_modules/.bun/@types+react@19.2.17/node_modules/@types/react/index").Ref<HTMLDivElement> | undefined' is not assignable to type 'React.Ref<HTMLDivElement> | undefined'.
@gnd/jobs typecheck:         Type '(instance: HTMLDivElement | null) => void | (() => VoidOrUndefinedOnly)' is not assignable to type 'Ref<HTMLDivElement> | undefined'.
@gnd/jobs typecheck:           Type '(instance: HTMLDivElement | null) => void | (() => VoidOrUndefinedOnly)' is not assignable to type '(instance: HTMLDivElement | null) => void | (() => VoidOrUndefinedOnly)'. Two different types with this name exist, but they are unrelated.
@gnd/jobs typecheck:             Type 'void | (() => VoidOrUndefinedOnly)' is not assignable to type 'void | (() => VoidOrUndefinedOnly)'. Two different types with this name exist, but they are unrelated.
@gnd/jobs typecheck:               Type '() => VoidOrUndefinedOnly' is not assignable to type 'void | (() => VoidOrUndefinedOnly)'.
@gnd/jobs typecheck:                 Type '() => VoidOrUndefinedOnly' is not assignable to type '() => VoidOrUndefinedOnly'. Two different types with this name exist, but they are unrelated.
@gnd/jobs typecheck:                   Type 'VoidOrUndefinedOnly' is not assignable to type 'VoidOrUndefinedOnly'. Two different types with this name exist, but they are unrelated.
@gnd/jobs typecheck:                     Type '{ [UNDEFINED_VOID_ONLY]: never; }' is not assignable to type 'VoidOrUndefinedOnly'.
@gnd/jobs typecheck: ../ui/src/components/empty.tsx(22,6): error TS2322: Type '{ ref?: Ref<HTMLDivElement> | undefined; key?: Key | null | undefined; defaultChecked?: boolean | undefined; defaultValue?: string | number | readonly string[] | undefined; ... 276 more ...; className: string; }' is not assignable to type 'DetailedHTMLProps<HTMLAttributes<HTMLDivElement>, HTMLDivElement>'.
@gnd/jobs typecheck:   Type '{ ref?: Ref<HTMLDivElement> | undefined; key?: Key | null | undefined; defaultChecked?: boolean | undefined; defaultValue?: string | number | readonly string[] | undefined; ... 276 more ...; className: string; }' is not assignable to type 'ClassAttributes<HTMLDivElement>'.
@gnd/jobs typecheck:     Types of property 'ref' are incompatible.
@gnd/jobs typecheck:       Type 'import("/Users/M1PRO/Documents/code/_turbo/gnd/node_modules/.bun/@types+react@19.2.17/node_modules/@types/react/index").Ref<HTMLDivElement> | undefined' is not assignable to type 'React.Ref<HTMLDivElement> | undefined'.
@gnd/jobs typecheck:         Type '(instance: HTMLDivElement | null) => void | (() => VoidOrUndefinedOnly)' is not assignable to type 'Ref<HTMLDivElement> | undefined'.
@gnd/jobs typecheck:           Type '(instance: HTMLDivElement | null) => void | (() => VoidOrUndefinedOnly)' is not assignable to type '(instance: HTMLDivElement | null) => void | (() => VoidOrUndefinedOnly)'. Two different types with this name exist, but they are unrelated.
@gnd/jobs typecheck:             Type 'void | (() => VoidOrUndefinedOnly)' is not assignable to type 'void | (() => VoidOrUndefinedOnly)'. Two different types with this name exist, but they are unrelated.
@gnd/jobs typecheck:               Type '() => VoidOrUndefinedOnly' is not assignable to type 'void | (() => VoidOrUndefinedOnly)'.
@gnd/jobs typecheck:                 Type '() => VoidOrUndefinedOnly' is not assignable to type '() => VoidOrUndefinedOnly'. Two different types with this name exist, but they are unrelated.
@gnd/jobs typecheck:                   Type 'VoidOrUndefinedOnly' is not assignable to type 'VoidOrUndefinedOnly'. Two different types with this name exist, but they are unrelated.
@gnd/jobs typecheck:                     Type '{ [UNDEFINED_VOID_ONLY]: never; }' is not assignable to type 'VoidOrUndefinedOnly'.
@gnd/jobs typecheck: ../ui/src/components/empty.tsx(54,6): error TS2322: Type '{ ref?: Ref<HTMLDivElement> | undefined; key?: Key | null | undefined; defaultChecked?: boolean | undefined; defaultValue?: string | number | readonly string[] | undefined; ... 277 more ...; className: string; }' is not assignable to type 'DetailedHTMLProps<HTMLAttributes<HTMLDivElement>, HTMLDivElement>'.
@gnd/jobs typecheck:   Type '{ ref?: Ref<HTMLDivElement> | undefined; key?: Key | null | undefined; defaultChecked?: boolean | undefined; defaultValue?: string | number | readonly string[] | undefined; ... 277 more ...; className: string; }' is not assignable to type 'ClassAttributes<HTMLDivElement>'.
@gnd/jobs typecheck:     Types of property 'ref' are incompatible.
@gnd/jobs typecheck:       Type 'import("/Users/M1PRO/Documents/code/_turbo/gnd/node_modules/.bun/@types+react@19.2.17/node_modules/@types/react/index").Ref<HTMLDivElement> | undefined' is not assignable to type 'React.Ref<HTMLDivElement> | undefined'.
@gnd/jobs typecheck:         Type '(instance: HTMLDivElement | null) => void | (() => VoidOrUndefinedOnly)' is not assignable to type 'Ref<HTMLDivElement> | undefined'.
@gnd/jobs typecheck:           Type '(instance: HTMLDivElement | null) => void | (() => VoidOrUndefinedOnly)' is not assignable to type '(instance: HTMLDivElement | null) => void | (() => VoidOrUndefinedOnly)'. Two different types with this name exist, but they are unrelated.
@gnd/jobs typecheck:             Type 'void | (() => VoidOrUndefinedOnly)' is not assignable to type 'void | (() => VoidOrUndefinedOnly)'. Two different types with this name exist, but they are unrelated.
@gnd/jobs typecheck:               Type '() => VoidOrUndefinedOnly' is not assignable to type 'void | (() => VoidOrUndefinedOnly)'.
@gnd/jobs typecheck:                 Type '() => VoidOrUndefinedOnly' is not assignable to type '() => VoidOrUndefinedOnly'. Two different types with this name exist, but they are unrelated.
@gnd/jobs typecheck:                   Type 'VoidOrUndefinedOnly' is not assignable to type 'VoidOrUndefinedOnly'. Two different types with this name exist, but they are unrelated.
@gnd/jobs typecheck:                     Type '{ [UNDEFINED_VOID_ONLY]: never; }' is not assignable to type 'VoidOrUndefinedOnly'.
@gnd/jobs typecheck: ../ui/src/components/empty.tsx(65,6): error TS2322: Type '{ ref?: Ref<HTMLDivElement> | undefined; key?: Key | null | undefined; defaultChecked?: boolean | undefined; defaultValue?: string | number | readonly string[] | undefined; ... 276 more ...; className: string; }' is not assignable to type 'DetailedHTMLProps<HTMLAttributes<HTMLDivElement>, HTMLDivElement>'.
@gnd/jobs typecheck:   Type '{ ref?: Ref<HTMLDivElement> | undefined; key?: Key | null | undefined; defaultChecked?: boolean | undefined; defaultValue?: string | number | readonly string[] | undefined; ... 276 more ...; className: string; }' is not assignable to type 'ClassAttributes<HTMLDivElement>'.
@gnd/jobs typecheck:     Types of property 'ref' are incompatible.
@gnd/jobs typecheck:       Type 'import("/Users/M1PRO/Documents/code/_turbo/gnd/node_modules/.bun/@types+react@19.2.17/node_modules/@types/react/index").Ref<HTMLDivElement> | undefined' is not assignable to type 'React.Ref<HTMLDivElement> | undefined'.
@gnd/jobs typecheck:         Type '(instance: HTMLDivElement | null) => void | (() => VoidOrUndefinedOnly)' is not assignable to type 'Ref<HTMLDivElement> | undefined'.
@gnd/jobs typecheck:           Type '(instance: HTMLDivElement | null) => void | (() => VoidOrUndefinedOnly)' is not assignable to type '(instance: HTMLDivElement | null) => void | (() => VoidOrUndefinedOnly)'. Two different types with this name exist, but they are unrelated.
@gnd/jobs typecheck:             Type 'void | (() => VoidOrUndefinedOnly)' is not assignable to type 'void | (() => VoidOrUndefinedOnly)'. Two different types with this name exist, but they are unrelated.
@gnd/jobs typecheck:               Type '() => VoidOrUndefinedOnly' is not assignable to type 'void | (() => VoidOrUndefinedOnly)'.
@gnd/jobs typecheck:                 Type '() => VoidOrUndefinedOnly' is not assignable to type '() => VoidOrUndefinedOnly'. Two different types with this name exist, but they are unrelated.
@gnd/jobs typecheck:                   Type 'VoidOrUndefinedOnly' is not assignable to type 'VoidOrUndefinedOnly'. Two different types with this name exist, but they are unrelated.
@gnd/jobs typecheck:                     Type '{ [UNDEFINED_VOID_ONLY]: never; }' is not assignable to type 'VoidOrUndefinedOnly'.
@gnd/jobs typecheck: ../ui/src/components/empty.tsx(75,6): error TS2322: Type '{ ref?: Ref<HTMLParagraphElement> | undefined; key?: Key | null | undefined; defaultChecked?: boolean | undefined; defaultValue?: string | number | readonly string[] | undefined; ... 276 more ...; className: string; }' is not assignable to type 'DetailedHTMLProps<HTMLAttributes<HTMLDivElement>, HTMLDivElement>'.
@gnd/jobs typecheck:   Type '{ ref?: Ref<HTMLParagraphElement> | undefined; key?: Key | null | undefined; defaultChecked?: boolean | undefined; defaultValue?: string | number | readonly string[] | undefined; ... 276 more ...; className: string; }' is not assignable to type 'ClassAttributes<HTMLDivElement>'.
@gnd/jobs typecheck:     Types of property 'ref' are incompatible.
@gnd/jobs typecheck:       Type 'Ref<HTMLParagraphElement> | undefined' is not assignable to type 'Ref<HTMLDivElement> | undefined'.
@gnd/jobs typecheck:         Type '(instance: HTMLParagraphElement | null) => void | (() => VoidOrUndefinedOnly)' is not assignable to type 'Ref<HTMLDivElement> | undefined'.
@gnd/jobs typecheck:           Type '(instance: HTMLParagraphElement | null) => void | (() => VoidOrUndefinedOnly)' is not assignable to type '(instance: HTMLDivElement | null) => void | (() => VoidOrUndefinedOnly)'.
@gnd/jobs typecheck:             Type 'void | (() => VoidOrUndefinedOnly)' is not assignable to type 'void | (() => VoidOrUndefinedOnly)'. Two different types with this name exist, but they are unrelated.
@gnd/jobs typecheck:               Type '() => VoidOrUndefinedOnly' is not assignable to type 'void | (() => VoidOrUndefinedOnly)'.
@gnd/jobs typecheck:                 Type '() => VoidOrUndefinedOnly' is not assignable to type '() => VoidOrUndefinedOnly'. Two different types with this name exist, but they are unrelated.
@gnd/jobs typecheck:                   Type 'VoidOrUndefinedOnly' is not assignable to type 'VoidOrUndefinedOnly'. Two different types with this name exist, but they are unrelated.
@gnd/jobs typecheck:                     Type '{ [UNDEFINED_VOID_ONLY]: never; }' is not assignable to type 'VoidOrUndefinedOnly'.
@gnd/jobs typecheck: ../ui/src/components/empty.tsx(88,6): error TS2322: Type '{ ref?: Ref<HTMLDivElement> | undefined; key?: Key | null | undefined; defaultChecked?: boolean | undefined; defaultValue?: string | number | readonly string[] | undefined; ... 276 more ...; className: string; }' is not assignable to type 'DetailedHTMLProps<HTMLAttributes<HTMLDivElement>, HTMLDivElement>'.
@gnd/jobs typecheck:   Type '{ ref?: Ref<HTMLDivElement> | undefined; key?: Key | null | undefined; defaultChecked?: boolean | undefined; defaultValue?: string | number | readonly string[] | undefined; ... 276 more ...; className: string; }' is not assignable to type 'ClassAttributes<HTMLDivElement>'.
@gnd/jobs typecheck:     Types of property 'ref' are incompatible.
@gnd/jobs typecheck:       Type 'import("/Users/M1PRO/Documents/code/_turbo/gnd/node_modules/.bun/@types+react@19.2.17/node_modules/@types/react/index").Ref<HTMLDivElement> | undefined' is not assignable to type 'React.Ref<HTMLDivElement> | undefined'.
@gnd/jobs typecheck:         Type '(instance: HTMLDivElement | null) => void | (() => VoidOrUndefinedOnly)' is not assignable to type 'Ref<HTMLDivElement> | undefined'.
@gnd/jobs typecheck:           Type '(instance: HTMLDivElement | null) => void | (() => VoidOrUndefinedOnly)' is not assignable to type '(instance: HTMLDivElement | null) => void | (() => VoidOrUndefinedOnly)'. Two different types with this name exist, but they are unrelated.
@gnd/jobs typecheck:             Type 'void | (() => VoidOrUndefinedOnly)' is not assignable to type 'void | (() => VoidOrUndefinedOnly)'. Two different types with this name exist, but they are unrelated.
@gnd/jobs typecheck:               Type '() => VoidOrUndefinedOnly' is not assignable to type 'void | (() => VoidOrUndefinedOnly)'.
@gnd/jobs typecheck:                 Type '() => VoidOrUndefinedOnly' is not assignable to type '() => VoidOrUndefinedOnly'. Two different types with this name exist, but they are unrelated.
@gnd/jobs typecheck:                   Type 'VoidOrUndefinedOnly' is not assignable to type 'VoidOrUndefinedOnly'. Two different types with this name exist, but they are unrelated.
@gnd/jobs typecheck:                     Type '{ [UNDEFINED_VOID_ONLY]: never; }' is not assignable to type 'VoidOrUndefinedOnly'.
@gnd/jobs typecheck: ../ui/src/components/field.tsx(14,6): error TS2322: Type '{ ref?: Ref<HTMLFieldSetElement> | undefined; key?: Key | null | undefined; disabled?: boolean | undefined; form?: string | undefined; name?: string | undefined; ... 278 more ...; className: string; }' is not assignable to type 'DetailedHTMLProps<FieldsetHTMLAttributes<HTMLFieldSetElement>, HTMLFieldSetElement>'.
@gnd/jobs typecheck:   Type '{ ref?: Ref<HTMLFieldSetElement> | undefined; key?: Key | null | undefined; disabled?: boolean | undefined; form?: string | undefined; name?: string | undefined; ... 278 more ...; className: string; }' is not assignable to type 'ClassAttributes<HTMLFieldSetElement>'.
@gnd/jobs typecheck:     Types of property 'ref' are incompatible.
@gnd/jobs typecheck:       Type 'import("/Users/M1PRO/Documents/code/_turbo/gnd/node_modules/.bun/@types+react@19.2.17/node_modules/@types/react/index").Ref<HTMLFieldSetElement> | undefined' is not assignable to type 'React.Ref<HTMLFieldSetElement> | undefined'.
@gnd/jobs typecheck:         Type '(instance: HTMLFieldSetElement | null) => void | (() => VoidOrUndefinedOnly)' is not assignable to type 'Ref<HTMLFieldSetElement> | undefined'.
@gnd/jobs typecheck:           Type '(instance: HTMLFieldSetElement | null) => void | (() => VoidOrUndefinedOnly)' is not assignable to type '(instance: HTMLFieldSetElement | null) => void | (() => VoidOrUndefinedOnly)'. Two different types with this name exist, but they are unrelated.
@gnd/jobs typecheck:             Type 'void | (() => VoidOrUndefinedOnly)' is not assignable to type 'void | (() => VoidOrUndefinedOnly)'. Two different types with this name exist, but they are unrelated.
@gnd/jobs typecheck:               Type '() => VoidOrUndefinedOnly' is not assignable to type 'void | (() => VoidOrUndefinedOnly)'.
@gnd/jobs typecheck:                 Type '() => VoidOrUndefinedOnly' is not assignable to type '() => VoidOrUndefinedOnly'. Two different types with this name exist, but they are unrelated.
@gnd/jobs typecheck:                   Type 'VoidOrUndefinedOnly' is not assignable to type 'VoidOrUndefinedOnly'. Two different types with this name exist, but they are unrelated.
@gnd/jobs typecheck:                     Type '{ [UNDEFINED_VOID_ONLY]: never; }' is not assignable to type 'VoidOrUndefinedOnly'.
@gnd/jobs typecheck: ../ui/src/components/field.tsx(32,6): error TS2322: Type '{ ref?: Ref<HTMLLegendElement> | undefined; key?: Key | null | undefined; defaultChecked?: boolean | undefined; defaultValue?: string | number | readonly string[] | undefined; ... 277 more ...; className: string; }' is not assignable to type 'DetailedHTMLProps<HTMLAttributes<HTMLLegendElement>, HTMLLegendElement>'.
@gnd/jobs typecheck:   Type '{ ref?: Ref<HTMLLegendElement> | undefined; key?: Key | null | undefined; defaultChecked?: boolean | undefined; defaultValue?: string | number | readonly string[] | undefined; ... 277 more ...; className: string; }' is not assignable to type 'ClassAttributes<HTMLLegendElement>'.
@gnd/jobs typecheck:     Types of property 'ref' are incompatible.
@gnd/jobs typecheck:       Type 'import("/Users/M1PRO/Documents/code/_turbo/gnd/node_modules/.bun/@types+react@19.2.17/node_modules/@types/react/index").Ref<HTMLLegendElement> | undefined' is not assignable to type 'React.Ref<HTMLLegendElement> | undefined'.
@gnd/jobs typecheck:         Type '(instance: HTMLLegendElement | null) => void | (() => VoidOrUndefinedOnly)' is not assignable to type 'Ref<HTMLLegendElement> | undefined'.
@gnd/jobs typecheck:           Type '(instance: HTMLLegendElement | null) => void | (() => VoidOrUndefinedOnly)' is not assignable to type '(instance: HTMLLegendElement | null) => void | (() => VoidOrUndefinedOnly)'. Two different types with this name exist, but they are unrelated.
@gnd/jobs typecheck:             Type 'void | (() => VoidOrUndefinedOnly)' is not assignable to type 'void | (() => VoidOrUndefinedOnly)'. Two different types with this name exist, but they are unrelated.
@gnd/jobs typecheck:               Type '() => VoidOrUndefinedOnly' is not assignable to type 'void | (() => VoidOrUndefinedOnly)'.
@gnd/jobs typecheck:                 Type '() => VoidOrUndefinedOnly' is not assignable to type '() => VoidOrUndefinedOnly'. Two different types with this name exist, but they are unrelated.
@gnd/jobs typecheck:                   Type 'VoidOrUndefinedOnly' is not assignable to type 'VoidOrUndefinedOnly'. Two different types with this name exist, but they are unrelated.
@gnd/jobs typecheck:                     Type '{ [UNDEFINED_VOID_ONLY]: never; }' is not assignable to type 'VoidOrUndefinedOnly'.
@gnd/jobs typecheck: ../ui/src/components/field.tsx(48,6): error TS2322: Type '{ ref?: Ref<HTMLDivElement> | undefined; key?: Key | null | undefined; defaultChecked?: boolean | undefined; defaultValue?: string | number | readonly string[] | undefined; ... 276 more ...; className: string; }' is not assignable to type 'DetailedHTMLProps<HTMLAttributes<HTMLDivElement>, HTMLDivElement>'.
@gnd/jobs typecheck:   Type '{ ref?: Ref<HTMLDivElement> | undefined; key?: Key | null | undefined; defaultChecked?: boolean | undefined; defaultValue?: string | number | readonly string[] | undefined; ... 276 more ...; className: string; }' is not assignable to type 'ClassAttributes<HTMLDivElement>'.
@gnd/jobs typecheck:     Types of property 'ref' are incompatible.
@gnd/jobs typecheck:       Type 'import("/Users/M1PRO/Documents/code/_turbo/gnd/node_modules/.bun/@types+react@19.2.17/node_modules/@types/react/index").Ref<HTMLDivElement> | undefined' is not assignable to type 'React.Ref<HTMLDivElement> | undefined'.
@gnd/jobs typecheck:         Type '(instance: HTMLDivElement | null) => void | (() => VoidOrUndefinedOnly)' is not assignable to type 'Ref<HTMLDivElement> | undefined'.
@gnd/jobs typecheck:           Type '(instance: HTMLDivElement | null) => void | (() => VoidOrUndefinedOnly)' is not assignable to type '(instance: HTMLDivElement | null) => void | (() => VoidOrUndefinedOnly)'. Two different types with this name exist, but they are unrelated.
@gnd/jobs typecheck:             Type 'void | (() => VoidOrUndefinedOnly)' is not assignable to type 'void | (() => VoidOrUndefinedOnly)'. Two different types with this name exist, but they are unrelated.
@gnd/jobs typecheck:               Type '() => VoidOrUndefinedOnly' is not assignable to type 'void | (() => VoidOrUndefinedOnly)'.
@gnd/jobs typecheck:                 Type '() => VoidOrUndefinedOnly' is not assignable to type '() => VoidOrUndefinedOnly'. Two different types with this name exist, but they are unrelated.
@gnd/jobs typecheck:                   Type 'VoidOrUndefinedOnly' is not assignable to type 'VoidOrUndefinedOnly'. Two different types with this name exist, but they are unrelated.
@gnd/jobs typecheck:                     Type '{ [UNDEFINED_VOID_ONLY]: never; }' is not assignable to type 'VoidOrUndefinedOnly'.
@gnd/jobs typecheck: ../ui/src/components/field.tsx(89,6): error TS2322: Type '{ ref?: Ref<HTMLDivElement> | undefined; key?: Key | null | undefined; defaultChecked?: boolean | undefined; defaultValue?: string | number | readonly string[] | undefined; ... 277 more ...; className: string; }' is not assignable to type 'DetailedHTMLProps<HTMLAttributes<HTMLDivElement>, HTMLDivElement>'.
@gnd/jobs typecheck:   Type '{ ref?: Ref<HTMLDivElement> | undefined; key?: Key | null | undefined; defaultChecked?: boolean | undefined; defaultValue?: string | number | readonly string[] | undefined; ... 277 more ...; className: string; }' is not assignable to type 'ClassAttributes<HTMLDivElement>'.
@gnd/jobs typecheck:     Types of property 'ref' are incompatible.
@gnd/jobs typecheck:       Type 'import("/Users/M1PRO/Documents/code/_turbo/gnd/node_modules/.bun/@types+react@19.2.17/node_modules/@types/react/index").Ref<HTMLDivElement> | undefined' is not assignable to type 'React.Ref<HTMLDivElement> | undefined'.
@gnd/jobs typecheck:         Type '(instance: HTMLDivElement | null) => void | (() => VoidOrUndefinedOnly)' is not assignable to type 'Ref<HTMLDivElement> | undefined'.
@gnd/jobs typecheck:           Type '(instance: HTMLDivElement | null) => void | (() => VoidOrUndefinedOnly)' is not assignable to type '(instance: HTMLDivElement | null) => void | (() => VoidOrUndefinedOnly)'. Two different types with this name exist, but they are unrelated.
@gnd/jobs typecheck:             Type 'void | (() => VoidOrUndefinedOnly)' is not assignable to type 'void | (() => VoidOrUndefinedOnly)'. Two different types with this name exist, but they are unrelated.
@gnd/jobs typecheck:               Type '() => VoidOrUndefinedOnly' is not assignable to type 'void | (() => VoidOrUndefinedOnly)'.
@gnd/jobs typecheck:                 Type '() => VoidOrUndefinedOnly' is not assignable to type '() => VoidOrUndefinedOnly'. Two different types with this name exist, but they are unrelated.
@gnd/jobs typecheck:                   Type 'VoidOrUndefinedOnly' is not assignable to type 'VoidOrUndefinedOnly'. Two different types with this name exist, but they are unrelated.
@gnd/jobs typecheck:                     Type '{ [UNDEFINED_VOID_ONLY]: never; }' is not assignable to type 'VoidOrUndefinedOnly'.
@gnd/jobs typecheck: ../ui/src/components/field.tsx(101,6): error TS2322: Type '{ ref?: Ref<HTMLDivElement> | undefined; key?: Key | null | undefined; defaultChecked?: boolean | undefined; defaultValue?: string | number | readonly string[] | undefined; ... 276 more ...; className: string; }' is not assignable to type 'DetailedHTMLProps<HTMLAttributes<HTMLDivElement>, HTMLDivElement>'.
@gnd/jobs typecheck:   Type '{ ref?: Ref<HTMLDivElement> | undefined; key?: Key | null | undefined; defaultChecked?: boolean | undefined; defaultValue?: string | number | readonly string[] | undefined; ... 276 more ...; className: string; }' is not assignable to type 'ClassAttributes<HTMLDivElement>'.
@gnd/jobs typecheck:     Types of property 'ref' are incompatible.
@gnd/jobs typecheck:       Type 'import("/Users/M1PRO/Documents/code/_turbo/gnd/node_modules/.bun/@types+react@19.2.17/node_modules/@types/react/index").Ref<HTMLDivElement> | undefined' is not assignable to type 'React.Ref<HTMLDivElement> | undefined'.
@gnd/jobs typecheck:         Type '(instance: HTMLDivElement | null) => void | (() => VoidOrUndefinedOnly)' is not assignable to type 'Ref<HTMLDivElement> | undefined'.
@gnd/jobs typecheck:           Type '(instance: HTMLDivElement | null) => void | (() => VoidOrUndefinedOnly)' is not assignable to type '(instance: HTMLDivElement | null) => void | (() => VoidOrUndefinedOnly)'. Two different types with this name exist, but they are unrelated.
@gnd/jobs typecheck:             Type 'void | (() => VoidOrUndefinedOnly)' is not assignable to type 'void | (() => VoidOrUndefinedOnly)'. Two different types with this name exist, but they are unrelated.
@gnd/jobs typecheck:               Type '() => VoidOrUndefinedOnly' is not assignable to type 'void | (() => VoidOrUndefinedOnly)'.
@gnd/jobs typecheck:                 Type '() => VoidOrUndefinedOnly' is not assignable to type '() => VoidOrUndefinedOnly'. Two different types with this name exist, but they are unrelated.
@gnd/jobs typecheck:                   Type 'VoidOrUndefinedOnly' is not assignable to type 'VoidOrUndefinedOnly'. Two different types with this name exist, but they are unrelated.
@gnd/jobs typecheck:                     Type '{ [UNDEFINED_VOID_ONLY]: never; }' is not assignable to type 'VoidOrUndefinedOnly'.
@gnd/jobs typecheck: ../ui/src/components/field.tsx(132,6): error TS2322: Type '{ ref?: Ref<HTMLDivElement> | undefined; key?: Key | null | undefined; defaultChecked?: boolean | undefined; defaultValue?: string | number | readonly string[] | undefined; ... 276 more ...; className: string; }' is not assignable to type 'DetailedHTMLProps<HTMLAttributes<HTMLDivElement>, HTMLDivElement>'.
@gnd/jobs typecheck:   Type '{ ref?: Ref<HTMLDivElement> | undefined; key?: Key | null | undefined; defaultChecked?: boolean | undefined; defaultValue?: string | number | readonly string[] | undefined; ... 276 more ...; className: string; }' is not assignable to type 'ClassAttributes<HTMLDivElement>'.
@gnd/jobs typecheck:     Types of property 'ref' are incompatible.
@gnd/jobs typecheck:       Type 'import("/Users/M1PRO/Documents/code/_turbo/gnd/node_modules/.bun/@types+react@19.2.17/node_modules/@types/react/index").Ref<HTMLDivElement> | undefined' is not assignable to type 'React.Ref<HTMLDivElement> | undefined'.
@gnd/jobs typecheck:         Type '(instance: HTMLDivElement | null) => void | (() => VoidOrUndefinedOnly)' is not assignable to type 'Ref<HTMLDivElement> | undefined'.
@gnd/jobs typecheck:           Type '(instance: HTMLDivElement | null) => void | (() => VoidOrUndefinedOnly)' is not assignable to type '(instance: HTMLDivElement | null) => void | (() => VoidOrUndefinedOnly)'. Two different types with this name exist, but they are unrelated.
@gnd/jobs typecheck:             Type 'void | (() => VoidOrUndefinedOnly)' is not assignable to type 'void | (() => VoidOrUndefinedOnly)'. Two different types with this name exist, but they are unrelated.
@gnd/jobs typecheck:               Type '() => VoidOrUndefinedOnly' is not assignable to type 'void | (() => VoidOrUndefinedOnly)'.
@gnd/jobs typecheck:                 Type '() => VoidOrUndefinedOnly' is not assignable to type '() => VoidOrUndefinedOnly'. Two different types with this name exist, but they are unrelated.
@gnd/jobs typecheck:                   Type 'VoidOrUndefinedOnly' is not assignable to type 'VoidOrUndefinedOnly'. Two different types with this name exist, but they are unrelated.
@gnd/jobs typecheck:                     Type '{ [UNDEFINED_VOID_ONLY]: never; }' is not assignable to type 'VoidOrUndefinedOnly'.
@gnd/jobs typecheck: ../ui/src/components/field.tsx(145,6): error TS2322: Type '{ ref?: Ref<HTMLParagraphElement> | undefined; key?: Key | null | undefined; defaultChecked?: boolean | undefined; defaultValue?: string | number | readonly string[] | undefined; ... 276 more ...; className: string; }' is not assignable to type 'DetailedHTMLProps<HTMLAttributes<HTMLParagraphElement>, HTMLParagraphElement>'.
@gnd/jobs typecheck:   Type '{ ref?: Ref<HTMLParagraphElement> | undefined; key?: Key | null | undefined; defaultChecked?: boolean | undefined; defaultValue?: string | number | readonly string[] | undefined; ... 276 more ...; className: string; }' is not assignable to type 'ClassAttributes<HTMLParagraphElement>'.
@gnd/jobs typecheck:     Types of property 'ref' are incompatible.
@gnd/jobs typecheck:       Type 'import("/Users/M1PRO/Documents/code/_turbo/gnd/node_modules/.bun/@types+react@19.2.17/node_modules/@types/react/index").Ref<HTMLParagraphElement> | undefined' is not assignable to type 'React.Ref<HTMLParagraphElement> | undefined'.
@gnd/jobs typecheck:         Type '(instance: HTMLParagraphElement | null) => void | (() => VoidOrUndefinedOnly)' is not assignable to type 'Ref<HTMLParagraphElement> | undefined'.
@gnd/jobs typecheck:           Type '(instance: HTMLParagraphElement | null) => void | (() => VoidOrUndefinedOnly)' is not assignable to type '(instance: HTMLParagraphElement | null) => void | (() => VoidOrUndefinedOnly)'. Two different types with this name exist, but they are unrelated.
@gnd/jobs typecheck:             Type 'void | (() => VoidOrUndefinedOnly)' is not assignable to type 'void | (() => VoidOrUndefinedOnly)'. Two different types with this name exist, but they are unrelated.
@gnd/jobs typecheck:               Type '() => VoidOrUndefinedOnly' is not assignable to type 'void | (() => VoidOrUndefinedOnly)'.
@gnd/jobs typecheck:                 Type '() => VoidOrUndefinedOnly' is not assignable to type '() => VoidOrUndefinedOnly'. Two different types with this name exist, but they are unrelated.
@gnd/jobs typecheck:                   Type 'VoidOrUndefinedOnly' is not assignable to type 'VoidOrUndefinedOnly'. Two different types with this name exist, but they are unrelated.
@gnd/jobs typecheck:                     Type '{ [UNDEFINED_VOID_ONLY]: never; }' is not assignable to type 'VoidOrUndefinedOnly'.
@gnd/jobs typecheck: ../ui/src/components/field.tsx(166,6): error TS2322: Type '{ children: (false | "" | 0 | 0n | Element | null | undefined)[]; ref?: Ref<HTMLDivElement> | undefined; key?: Key | null | undefined; defaultChecked?: boolean | undefined; ... 277 more ...; className: string; }' is not assignable to type 'DetailedHTMLProps<HTMLAttributes<HTMLDivElement>, HTMLDivElement>'.
@gnd/jobs typecheck:   Type '{ children: (false | "" | 0 | 0n | Element | null | undefined)[]; ref?: Ref<HTMLDivElement> | undefined; key?: Key | null | undefined; defaultChecked?: boolean | undefined; ... 277 more ...; className: string; }' is not assignable to type 'ClassAttributes<HTMLDivElement>'.
@gnd/jobs typecheck:     Types of property 'ref' are incompatible.
@gnd/jobs typecheck:       Type 'import("/Users/M1PRO/Documents/code/_turbo/gnd/node_modules/.bun/@types+react@19.2.17/node_modules/@types/react/index").Ref<HTMLDivElement> | undefined' is not assignable to type 'React.Ref<HTMLDivElement> | undefined'.
@gnd/jobs typecheck:         Type '(instance: HTMLDivElement | null) => void | (() => VoidOrUndefinedOnly)' is not assignable to type 'Ref<HTMLDivElement> | undefined'.
@gnd/jobs typecheck:           Type '(instance: HTMLDivElement | null) => void | (() => VoidOrUndefinedOnly)' is not assignable to type '(instance: HTMLDivElement | null) => void | (() => VoidOrUndefinedOnly)'. Two different types with this name exist, but they are unrelated.
@gnd/jobs typecheck:             Type 'void | (() => VoidOrUndefinedOnly)' is not assignable to type 'void | (() => VoidOrUndefinedOnly)'. Two different types with this name exist, but they are unrelated.
@gnd/jobs typecheck:               Type '() => VoidOrUndefinedOnly' is not assignable to type 'void | (() => VoidOrUndefinedOnly)'.
@gnd/jobs typecheck:                 Type '() => VoidOrUndefinedOnly' is not assignable to type '() => VoidOrUndefinedOnly'. Two different types with this name exist, but they are unrelated.
@gnd/jobs typecheck:                   Type 'VoidOrUndefinedOnly' is not assignable to type 'VoidOrUndefinedOnly'. Two different types with this name exist, but they are unrelated.
@gnd/jobs typecheck:                     Type '{ [UNDEFINED_VOID_ONLY]: never; }' is not assignable to type 'VoidOrUndefinedOnly'.
@gnd/jobs typecheck: ../ui/src/components/field.tsx(224,6): error TS2322: Type '{ children: string | number | bigint | true | Iterable<ReactNode> | Promise<AwaitedReactNode> | Element; ref?: Ref<HTMLDivElement> | undefined; ... 278 more ...; className: string; }' is not assignable to type 'DetailedHTMLProps<HTMLAttributes<HTMLDivElement>, HTMLDivElement>'.
@gnd/jobs typecheck:   Type '{ children: string | number | bigint | true | Iterable<ReactNode> | Promise<AwaitedReactNode> | Element; ref?: Ref<HTMLDivElement> | undefined; ... 278 more ...; className: string; }' is not assignable to type 'ClassAttributes<HTMLDivElement>'.
@gnd/jobs typecheck:     Types of property 'ref' are incompatible.
@gnd/jobs typecheck:       Type 'import("/Users/M1PRO/Documents/code/_turbo/gnd/node_modules/.bun/@types+react@19.2.17/node_modules/@types/react/index").Ref<HTMLDivElement> | undefined' is not assignable to type 'React.Ref<HTMLDivElement> | undefined'.
@gnd/jobs typecheck:         Type '(instance: HTMLDivElement | null) => void | (() => VoidOrUndefinedOnly)' is not assignable to type 'Ref<HTMLDivElement> | undefined'.
@gnd/jobs typecheck:           Type '(instance: HTMLDivElement | null) => void | (() => VoidOrUndefinedOnly)' is not assignable to type '(instance: HTMLDivElement | null) => void | (() => VoidOrUndefinedOnly)'. Two different types with this name exist, but they are unrelated.
@gnd/jobs typecheck:             Type 'void | (() => VoidOrUndefinedOnly)' is not assignable to type 'void | (() => VoidOrUndefinedOnly)'. Two different types with this name exist, but they are unrelated.
@gnd/jobs typecheck:               Type '() => VoidOrUndefinedOnly' is not assignable to type 'void | (() => VoidOrUndefinedOnly)'.
@gnd/jobs typecheck:                 Type '() => VoidOrUndefinedOnly' is not assignable to type '() => VoidOrUndefinedOnly'. Two different types with this name exist, but they are unrelated.
@gnd/jobs typecheck:                   Type 'VoidOrUndefinedOnly' is not assignable to type 'VoidOrUndefinedOnly'. Two different types with this name exist, but they are unrelated.
@gnd/jobs typecheck:                     Type '{ [UNDEFINED_VOID_ONLY]: never; }' is not assignable to type 'VoidOrUndefinedOnly'.
@gnd/jobs typecheck: ../ui/src/components/icons.tsx(988,6): error TS2322: Type '{ children: Element; suppressHydrationWarning?: boolean | undefined; color?: string | undefined; height: string | number; id?: string | undefined; lang?: string | undefined; ... 481 more ...; className: string | undefined; }' is not assignable to type 'SVGProps<SVGSVGElement>'.
@gnd/jobs typecheck:   Types of property 'ref' are incompatible.
@gnd/jobs typecheck:     Type 'import("/Users/M1PRO/Documents/code/_turbo/gnd/node_modules/.bun/@types+react@19.2.17/node_modules/@types/react/index").Ref<SVGSVGElement> | undefined' is not assignable to type 'React.Ref<SVGSVGElement> | undefined'.
@gnd/jobs typecheck:       Type '(instance: SVGSVGElement | null) => void | (() => VoidOrUndefinedOnly)' is not assignable to type 'Ref<SVGSVGElement> | undefined'.
@gnd/jobs typecheck:         Type '(instance: SVGSVGElement | null) => void | (() => VoidOrUndefinedOnly)' is not assignable to type '(instance: SVGSVGElement | null) => void | (() => VoidOrUndefinedOnly)'. Two different types with this name exist, but they are unrelated.
@gnd/jobs typecheck:           Type 'void | (() => VoidOrUndefinedOnly)' is not assignable to type 'void | (() => VoidOrUndefinedOnly)'. Two different types with this name exist, but they are unrelated.
@gnd/jobs typecheck:             Type '() => VoidOrUndefinedOnly' is not assignable to type 'void | (() => VoidOrUndefinedOnly)'.
@gnd/jobs typecheck:               Type '() => VoidOrUndefinedOnly' is not assignable to type '() => VoidOrUndefinedOnly'. Two different types with this name exist, but they are unrelated.
@gnd/jobs typecheck:                 Type 'VoidOrUndefinedOnly' is not assignable to type 'VoidOrUndefinedOnly'. Two different types with this name exist, but they are unrelated.
@gnd/jobs typecheck:                   Type '{ [UNDEFINED_VOID_ONLY]: never; }' is not assignable to type 'VoidOrUndefinedOnly'.
@gnd/jobs typecheck: ../ui/src/components/input-group.tsx(14,6): error TS2322: Type '{ ref?: Ref<HTMLDivElement> | undefined; key?: Key | null | undefined; defaultChecked?: boolean | undefined; defaultValue?: string | number | readonly string[] | undefined; ... 276 more ...; className: string; }' is not assignable to type 'DetailedHTMLProps<HTMLAttributes<HTMLDivElement>, HTMLDivElement>'.
@gnd/jobs typecheck:   Type '{ ref?: Ref<HTMLDivElement> | undefined; key?: Key | null | undefined; defaultChecked?: boolean | undefined; defaultValue?: string | number | readonly string[] | undefined; ... 276 more ...; className: string; }' is not assignable to type 'ClassAttributes<HTMLDivElement>'.
@gnd/jobs typecheck:     Types of property 'ref' are incompatible.
@gnd/jobs typecheck:       Type 'import("/Users/M1PRO/Documents/code/_turbo/gnd/node_modules/.bun/@types+react@19.2.17/node_modules/@types/react/index").Ref<HTMLDivElement> | undefined' is not assignable to type 'React.Ref<HTMLDivElement> | undefined'.
@gnd/jobs typecheck:         Type '(instance: HTMLDivElement | null) => void | (() => VoidOrUndefinedOnly)' is not assignable to type 'Ref<HTMLDivElement> | undefined'.
@gnd/jobs typecheck:           Type '(instance: HTMLDivElement | null) => void | (() => VoidOrUndefinedOnly)' is not assignable to type '(instance: HTMLDivElement | null) => void | (() => VoidOrUndefinedOnly)'. Two different types with this name exist, but they are unrelated.
@gnd/jobs typecheck:             Type 'void | (() => VoidOrUndefinedOnly)' is not assignable to type 'void | (() => VoidOrUndefinedOnly)'. Two different types with this name exist, but they are unrelated.
@gnd/jobs typecheck:               Type '() => VoidOrUndefinedOnly' is not assignable to type 'void | (() => VoidOrUndefinedOnly)'.
@gnd/jobs typecheck:                 Type '() => VoidOrUndefinedOnly' is not assignable to type '() => VoidOrUndefinedOnly'. Two different types with this name exist, but they are unrelated.
@gnd/jobs typecheck:                   Type 'VoidOrUndefinedOnly' is not assignable to type 'VoidOrUndefinedOnly'. Two different types with this name exist, but they are unrelated.
@gnd/jobs typecheck:                     Type '{ [UNDEFINED_VOID_ONLY]: never; }' is not assignable to type 'VoidOrUndefinedOnly'.
@gnd/jobs typecheck: ../ui/src/components/input-group.tsx(67,6): error TS2322: Type '{ ref?: Ref<HTMLDivElement> | undefined; key?: Key | null | undefined; defaultChecked?: boolean | undefined; defaultValue?: string | number | readonly string[] | undefined; ... 277 more ...; className: string; }' is not assignable to type 'DetailedHTMLProps<HTMLAttributes<HTMLDivElement>, HTMLDivElement>'.
@gnd/jobs typecheck:   Type '{ ref?: Ref<HTMLDivElement> | undefined; key?: Key | null | undefined; defaultChecked?: boolean | undefined; defaultValue?: string | number | readonly string[] | undefined; ... 277 more ...; className: string; }' is not assignable to type 'ClassAttributes<HTMLDivElement>'.
@gnd/jobs typecheck:     Types of property 'ref' are incompatible.
@gnd/jobs typecheck:       Type 'import("/Users/M1PRO/Documents/code/_turbo/gnd/node_modules/.bun/@types+react@19.2.17/node_modules/@types/react/index").Ref<HTMLDivElement> | undefined' is not assignable to type 'React.Ref<HTMLDivElement> | undefined'.
@gnd/jobs typecheck:         Type '(instance: HTMLDivElement | null) => void | (() => VoidOrUndefinedOnly)' is not assignable to type 'Ref<HTMLDivElement> | undefined'.
@gnd/jobs typecheck:           Type '(instance: HTMLDivElement | null) => void | (() => VoidOrUndefinedOnly)' is not assignable to type '(instance: HTMLDivElement | null) => void | (() => VoidOrUndefinedOnly)'. Two different types with this name exist, but they are unrelated.
@gnd/jobs typecheck:             Type 'void | (() => VoidOrUndefinedOnly)' is not assignable to type 'void | (() => VoidOrUndefinedOnly)'. Two different types with this name exist, but they are unrelated.
@gnd/jobs typecheck:               Type '() => VoidOrUndefinedOnly' is not assignable to type 'void | (() => VoidOrUndefinedOnly)'.
@gnd/jobs typecheck:                 Type '() => VoidOrUndefinedOnly' is not assignable to type '() => VoidOrUndefinedOnly'. Two different types with this name exist, but they are unrelated.
@gnd/jobs typecheck:                   Type 'VoidOrUndefinedOnly' is not assignable to type 'VoidOrUndefinedOnly'. Two different types with this name exist, but they are unrelated.
@gnd/jobs typecheck:                     Type '{ [UNDEFINED_VOID_ONLY]: never; }' is not assignable to type 'VoidOrUndefinedOnly'.
@gnd/jobs typecheck: ../ui/src/components/input-group.tsx(122,6): error TS2322: Type '{ ref?: Ref<HTMLSpanElement> | undefined; key?: Key | null | undefined; defaultChecked?: boolean | undefined; defaultValue?: string | number | readonly string[] | undefined; ... 275 more ...; className: string; }' is not assignable to type 'DetailedHTMLProps<HTMLAttributes<HTMLSpanElement>, HTMLSpanElement>'.
@gnd/jobs typecheck:   Type '{ ref?: Ref<HTMLSpanElement> | undefined; key?: Key | null | undefined; defaultChecked?: boolean | undefined; defaultValue?: string | number | readonly string[] | undefined; ... 275 more ...; className: string; }' is not assignable to type 'ClassAttributes<HTMLSpanElement>'.
@gnd/jobs typecheck:     Types of property 'ref' are incompatible.
@gnd/jobs typecheck:       Type 'import("/Users/M1PRO/Documents/code/_turbo/gnd/node_modules/.bun/@types+react@19.2.17/node_modules/@types/react/index").Ref<HTMLSpanElement> | undefined' is not assignable to type 'React.Ref<HTMLSpanElement> | undefined'.
@gnd/jobs typecheck:         Type '(instance: HTMLSpanElement | null) => void | (() => VoidOrUndefinedOnly)' is not assignable to type 'Ref<HTMLSpanElement> | undefined'.
@gnd/jobs typecheck:           Type '(instance: HTMLSpanElement | null) => void | (() => VoidOrUndefinedOnly)' is not assignable to type '(instance: HTMLSpanElement | null) => void | (() => VoidOrUndefinedOnly)'. Two different types with this name exist, but they are unrelated.
@gnd/jobs typecheck:             Type 'void | (() => VoidOrUndefinedOnly)' is not assignable to type 'void | (() => VoidOrUndefinedOnly)'. Two different types with this name exist, but they are unrelated.
@gnd/jobs typecheck:               Type '() => VoidOrUndefinedOnly' is not assignable to type 'void | (() => VoidOrUndefinedOnly)'.
@gnd/jobs typecheck:                 Type '() => VoidOrUndefinedOnly' is not assignable to type '() => VoidOrUndefinedOnly'. Two different types with this name exist, but they are unrelated.
@gnd/jobs typecheck:                   Type 'VoidOrUndefinedOnly' is not assignable to type 'VoidOrUndefinedOnly'. Two different types with this name exist, but they are unrelated.
@gnd/jobs typecheck:                     Type '{ [UNDEFINED_VOID_ONLY]: never; }' is not assignable to type 'VoidOrUndefinedOnly'.
@gnd/jobs typecheck: ../ui/src/components/item.tsx(11,6): error TS2322: Type '{ ref?: Ref<HTMLDivElement> | undefined; key?: Key | null | undefined; defaultChecked?: boolean | undefined; defaultValue?: string | number | readonly string[] | undefined; ... 276 more ...; className: string; }' is not assignable to type 'DetailedHTMLProps<HTMLAttributes<HTMLDivElement>, HTMLDivElement>'.
@gnd/jobs typecheck:   Type '{ ref?: Ref<HTMLDivElement> | undefined; key?: Key | null | undefined; defaultChecked?: boolean | undefined; defaultValue?: string | number | readonly string[] | undefined; ... 276 more ...; className: string; }' is not assignable to type 'ClassAttributes<HTMLDivElement>'.
@gnd/jobs typecheck:     Types of property 'ref' are incompatible.
@gnd/jobs typecheck:       Type 'import("/Users/M1PRO/Documents/code/_turbo/gnd/node_modules/.bun/@types+react@19.2.17/node_modules/@types/react/index").Ref<HTMLDivElement> | undefined' is not assignable to type 'React.Ref<HTMLDivElement> | undefined'.
@gnd/jobs typecheck:         Type '(instance: HTMLDivElement | null) => void | (() => VoidOrUndefinedOnly)' is not assignable to type 'Ref<HTMLDivElement> | undefined'.
@gnd/jobs typecheck:           Type '(instance: HTMLDivElement | null) => void | (() => VoidOrUndefinedOnly)' is not assignable to type '(instance: HTMLDivElement | null) => void | (() => VoidOrUndefinedOnly)'. Two different types with this name exist, but they are unrelated.
@gnd/jobs typecheck:             Type 'void | (() => VoidOrUndefinedOnly)' is not assignable to type 'void | (() => VoidOrUndefinedOnly)'. Two different types with this name exist, but they are unrelated.
@gnd/jobs typecheck:               Type '() => VoidOrUndefinedOnly' is not assignable to type 'void | (() => VoidOrUndefinedOnly)'.
@gnd/jobs typecheck:                 Type '() => VoidOrUndefinedOnly' is not assignable to type '() => VoidOrUndefinedOnly'. Two different types with this name exist, but they are unrelated.
@gnd/jobs typecheck:                   Type 'VoidOrUndefinedOnly' is not assignable to type 'VoidOrUndefinedOnly'. Two different types with this name exist, but they are unrelated.
@gnd/jobs typecheck:                     Type '{ [UNDEFINED_VOID_ONLY]: never; }' is not assignable to type 'VoidOrUndefinedOnly'.
@gnd/jobs typecheck: ../ui/src/components/item.tsx(99,6): error TS2322: Type '{ ref?: Ref<HTMLDivElement> | undefined; key?: Key | null | undefined; defaultChecked?: boolean | undefined; defaultValue?: string | number | readonly string[] | undefined; ... 277 more ...; className: string; }' is not assignable to type 'DetailedHTMLProps<HTMLAttributes<HTMLDivElement>, HTMLDivElement>'.
@gnd/jobs typecheck:   Type '{ ref?: Ref<HTMLDivElement> | undefined; key?: Key | null | undefined; defaultChecked?: boolean | undefined; defaultValue?: string | number | readonly string[] | undefined; ... 277 more ...; className: string; }' is not assignable to type 'ClassAttributes<HTMLDivElement>'.
@gnd/jobs typecheck:     Types of property 'ref' are incompatible.
@gnd/jobs typecheck:       Type 'import("/Users/M1PRO/Documents/code/_turbo/gnd/node_modules/.bun/@types+react@19.2.17/node_modules/@types/react/index").Ref<HTMLDivElement> | undefined' is not assignable to type 'React.Ref<HTMLDivElement> | undefined'.
@gnd/jobs typecheck:         Type '(instance: HTMLDivElement | null) => void | (() => VoidOrUndefinedOnly)' is not assignable to type 'Ref<HTMLDivElement> | undefined'.
@gnd/jobs typecheck:           Type '(instance: HTMLDivElement | null) => void | (() => VoidOrUndefinedOnly)' is not assignable to type '(instance: HTMLDivElement | null) => void | (() => VoidOrUndefinedOnly)'. Two different types with this name exist, but they are unrelated.
@gnd/jobs typecheck:             Type 'void | (() => VoidOrUndefinedOnly)' is not assignable to type 'void | (() => VoidOrUndefinedOnly)'. Two different types with this name exist, but they are unrelated.
@gnd/jobs typecheck:               Type '() => VoidOrUndefinedOnly' is not assignable to type 'void | (() => VoidOrUndefinedOnly)'.
@gnd/jobs typecheck:                 Type '() => VoidOrUndefinedOnly' is not assignable to type '() => VoidOrUndefinedOnly'. Two different types with this name exist, but they are unrelated.
@gnd/jobs typecheck:                   Type 'VoidOrUndefinedOnly' is not assignable to type 'VoidOrUndefinedOnly'. Two different types with this name exist, but they are unrelated.
@gnd/jobs typecheck:                     Type '{ [UNDEFINED_VOID_ONLY]: never; }' is not assignable to type 'VoidOrUndefinedOnly'.
@gnd/jobs typecheck: ../ui/src/components/item.tsx(110,6): error TS2322: Type '{ ref?: Ref<HTMLDivElement> | undefined; key?: Key | null | undefined; defaultChecked?: boolean | undefined; defaultValue?: string | number | readonly string[] | undefined; ... 276 more ...; className: string; }' is not assignable to type 'DetailedHTMLProps<HTMLAttributes<HTMLDivElement>, HTMLDivElement>'.
@gnd/jobs typecheck:   Type '{ ref?: Ref<HTMLDivElement> | undefined; key?: Key | null | undefined; defaultChecked?: boolean | undefined; defaultValue?: string | number | readonly string[] | undefined; ... 276 more ...; className: string; }' is not assignable to type 'ClassAttributes<HTMLDivElement>'.
@gnd/jobs typecheck:     Types of property 'ref' are incompatible.
@gnd/jobs typecheck:       Type 'import("/Users/M1PRO/Documents/code/_turbo/gnd/node_modules/.bun/@types+react@19.2.17/node_modules/@types/react/index").Ref<HTMLDivElement> | undefined' is not assignable to type 'React.Ref<HTMLDivElement> | undefined'.
@gnd/jobs typecheck:         Type '(instance: HTMLDivElement | null) => void | (() => VoidOrUndefinedOnly)' is not assignable to type 'Ref<HTMLDivElement> | undefined'.
@gnd/jobs typecheck:           Type '(instance: HTMLDivElement | null) => void | (() => VoidOrUndefinedOnly)' is not assignable to type '(instance: HTMLDivElement | null) => void | (() => VoidOrUndefinedOnly)'. Two different types with this name exist, but they are unrelated.
@gnd/jobs typecheck:             Type 'void | (() => VoidOrUndefinedOnly)' is not assignable to type 'void | (() => VoidOrUndefinedOnly)'. Two different types with this name exist, but they are unrelated.
@gnd/jobs typecheck:               Type '() => VoidOrUndefinedOnly' is not assignable to type 'void | (() => VoidOrUndefinedOnly)'.
@gnd/jobs typecheck:                 Type '() => VoidOrUndefinedOnly' is not assignable to type '() => VoidOrUndefinedOnly'. Two different types with this name exist, but they are unrelated.
@gnd/jobs typecheck:                   Type 'VoidOrUndefinedOnly' is not assignable to type 'VoidOrUndefinedOnly'. Two different types with this name exist, but they are unrelated.
@gnd/jobs typecheck:                     Type '{ [UNDEFINED_VOID_ONLY]: never; }' is not assignable to type 'VoidOrUndefinedOnly'.
@gnd/jobs typecheck: ../ui/src/components/item.tsx(123,6): error TS2322: Type '{ ref?: Ref<HTMLDivElement> | undefined; key?: Key | null | undefined; defaultChecked?: boolean | undefined; defaultValue?: string | number | readonly string[] | undefined; ... 276 more ...; className: string; }' is not assignable to type 'DetailedHTMLProps<HTMLAttributes<HTMLDivElement>, HTMLDivElement>'.
@gnd/jobs typecheck:   Type '{ ref?: Ref<HTMLDivElement> | undefined; key?: Key | null | undefined; defaultChecked?: boolean | undefined; defaultValue?: string | number | readonly string[] | undefined; ... 276 more ...; className: string; }' is not assignable to type 'ClassAttributes<HTMLDivElement>'.
@gnd/jobs typecheck:     Types of property 'ref' are incompatible.
@gnd/jobs typecheck:       Type 'import("/Users/M1PRO/Documents/code/_turbo/gnd/node_modules/.bun/@types+react@19.2.17/node_modules/@types/react/index").Ref<HTMLDivElement> | undefined' is not assignable to type 'React.Ref<HTMLDivElement> | undefined'.
@gnd/jobs typecheck:         Type '(instance: HTMLDivElement | null) => void | (() => VoidOrUndefinedOnly)' is not assignable to type 'Ref<HTMLDivElement> | undefined'.
@gnd/jobs typecheck:           Type '(instance: HTMLDivElement | null) => void | (() => VoidOrUndefinedOnly)' is not assignable to type '(instance: HTMLDivElement | null) => void | (() => VoidOrUndefinedOnly)'. Two different types with this name exist, but they are unrelated.
@gnd/jobs typecheck:             Type 'void | (() => VoidOrUndefinedOnly)' is not assignable to type 'void | (() => VoidOrUndefinedOnly)'. Two different types with this name exist, but they are unrelated.
@gnd/jobs typecheck:               Type '() => VoidOrUndefinedOnly' is not assignable to type 'void | (() => VoidOrUndefinedOnly)'.
@gnd/jobs typecheck:                 Type '() => VoidOrUndefinedOnly' is not assignable to type '() => VoidOrUndefinedOnly'. Two different types with this name exist, but they are unrelated.
@gnd/jobs typecheck:                   Type 'VoidOrUndefinedOnly' is not assignable to type 'VoidOrUndefinedOnly'. Two different types with this name exist, but they are unrelated.
@gnd/jobs typecheck:                     Type '{ [UNDEFINED_VOID_ONLY]: never; }' is not assignable to type 'VoidOrUndefinedOnly'.
@gnd/jobs typecheck: ../ui/src/components/item.tsx(136,6): error TS2322: Type '{ ref?: Ref<HTMLParagraphElement> | undefined; key?: Key | null | undefined; defaultChecked?: boolean | undefined; defaultValue?: string | number | readonly string[] | undefined; ... 276 more ...; className: string; }' is not assignable to type 'DetailedHTMLProps<HTMLAttributes<HTMLParagraphElement>, HTMLParagraphElement>'.
@gnd/jobs typecheck:   Type '{ ref?: Ref<HTMLParagraphElement> | undefined; key?: Key | null | undefined; defaultChecked?: boolean | undefined; defaultValue?: string | number | readonly string[] | undefined; ... 276 more ...; className: string; }' is not assignable to type 'ClassAttributes<HTMLParagraphElement>'.
@gnd/jobs typecheck:     Types of property 'ref' are incompatible.
@gnd/jobs typecheck:       Type 'import("/Users/M1PRO/Documents/code/_turbo/gnd/node_modules/.bun/@types+react@19.2.17/node_modules/@types/react/index").Ref<HTMLParagraphElement> | undefined' is not assignable to type 'React.Ref<HTMLParagraphElement> | undefined'.
@gnd/jobs typecheck:         Type '(instance: HTMLParagraphElement | null) => void | (() => VoidOrUndefinedOnly)' is not assignable to type 'Ref<HTMLParagraphElement> | undefined'.
@gnd/jobs typecheck:           Type '(instance: HTMLParagraphElement | null) => void | (() => VoidOrUndefinedOnly)' is not assignable to type '(instance: HTMLParagraphElement | null) => void | (() => VoidOrUndefinedOnly)'. Two different types with this name exist, but they are unrelated.
@gnd/jobs typecheck:             Type 'void | (() => VoidOrUndefinedOnly)' is not assignable to type 'void | (() => VoidOrUndefinedOnly)'. Two different types with this name exist, but they are unrelated.
@gnd/jobs typecheck:               Type '() => VoidOrUndefinedOnly' is not assignable to type 'void | (() => VoidOrUndefinedOnly)'.
@gnd/jobs typecheck:                 Type '() => VoidOrUndefinedOnly' is not assignable to type '() => VoidOrUndefinedOnly'. Two different types with this name exist, but they are unrelated.
@gnd/jobs typecheck:                   Type 'VoidOrUndefinedOnly' is not assignable to type 'VoidOrUndefinedOnly'. Two different types with this name exist, but they are unrelated.
@gnd/jobs typecheck:                     Type '{ [UNDEFINED_VOID_ONLY]: never; }' is not assignable to type 'VoidOrUndefinedOnly'.
@gnd/jobs typecheck: ../ui/src/components/item.tsx(150,6): error TS2322: Type '{ ref?: Ref<HTMLDivElement> | undefined; key?: Key | null | undefined; defaultChecked?: boolean | undefined; defaultValue?: string | number | readonly string[] | undefined; ... 276 more ...; className: string; }' is not assignable to type 'DetailedHTMLProps<HTMLAttributes<HTMLDivElement>, HTMLDivElement>'.
@gnd/jobs typecheck:   Type '{ ref?: Ref<HTMLDivElement> | undefined; key?: Key | null | undefined; defaultChecked?: boolean | undefined; defaultValue?: string | number | readonly string[] | undefined; ... 276 more ...; className: string; }' is not assignable to type 'ClassAttributes<HTMLDivElement>'.
@gnd/jobs typecheck:     Types of property 'ref' are incompatible.
@gnd/jobs typecheck:       Type 'import("/Users/M1PRO/Documents/code/_turbo/gnd/node_modules/.bun/@types+react@19.2.17/node_modules/@types/react/index").Ref<HTMLDivElement> | undefined' is not assignable to type 'React.Ref<HTMLDivElement> | undefined'.
@gnd/jobs typecheck:         Type '(instance: HTMLDivElement | null) => void | (() => VoidOrUndefinedOnly)' is not assignable to type 'Ref<HTMLDivElement> | undefined'.
@gnd/jobs typecheck:           Type '(instance: HTMLDivElement | null) => void | (() => VoidOrUndefinedOnly)' is not assignable to type '(instance: HTMLDivElement | null) => void | (() => VoidOrUndefinedOnly)'. Two different types with this name exist, but they are unrelated.
@gnd/jobs typecheck:             Type 'void | (() => VoidOrUndefinedOnly)' is not assignable to type 'void | (() => VoidOrUndefinedOnly)'. Two different types with this name exist, but they are unrelated.
@gnd/jobs typecheck:               Type '() => VoidOrUndefinedOnly' is not assignable to type 'void | (() => VoidOrUndefinedOnly)'.
@gnd/jobs typecheck:                 Type '() => VoidOrUndefinedOnly' is not assignable to type '() => VoidOrUndefinedOnly'. Two different types with this name exist, but they are unrelated.
@gnd/jobs typecheck:                   Type 'VoidOrUndefinedOnly' is not assignable to type 'VoidOrUndefinedOnly'. Two different types with this name exist, but they are unrelated.
@gnd/jobs typecheck:                     Type '{ [UNDEFINED_VOID_ONLY]: never; }' is not assignable to type 'VoidOrUndefinedOnly'.
@gnd/jobs typecheck: ../ui/src/components/item.tsx(160,6): error TS2322: Type '{ ref?: Ref<HTMLDivElement> | undefined; key?: Key | null | undefined; defaultChecked?: boolean | undefined; defaultValue?: string | number | readonly string[] | undefined; ... 276 more ...; className: string; }' is not assignable to type 'DetailedHTMLProps<HTMLAttributes<HTMLDivElement>, HTMLDivElement>'.
@gnd/jobs typecheck:   Type '{ ref?: Ref<HTMLDivElement> | undefined; key?: Key | null | undefined; defaultChecked?: boolean | undefined; defaultValue?: string | number | readonly string[] | undefined; ... 276 more ...; className: string; }' is not assignable to type 'ClassAttributes<HTMLDivElement>'.
@gnd/jobs typecheck:     Types of property 'ref' are incompatible.
@gnd/jobs typecheck:       Type 'import("/Users/M1PRO/Documents/code/_turbo/gnd/node_modules/.bun/@types+react@19.2.17/node_modules/@types/react/index").Ref<HTMLDivElement> | undefined' is not assignable to type 'React.Ref<HTMLDivElement> | undefined'.
@gnd/jobs typecheck:         Type '(instance: HTMLDivElement | null) => void | (() => VoidOrUndefinedOnly)' is not assignable to type 'Ref<HTMLDivElement> | undefined'.
@gnd/jobs typecheck:           Type '(instance: HTMLDivElement | null) => void | (() => VoidOrUndefinedOnly)' is not assignable to type '(instance: HTMLDivElement | null) => void | (() => VoidOrUndefinedOnly)'. Two different types with this name exist, but they are unrelated.
@gnd/jobs typecheck:             Type 'void | (() => VoidOrUndefinedOnly)' is not assignable to type 'void | (() => VoidOrUndefinedOnly)'. Two different types with this name exist, but they are unrelated.
@gnd/jobs typecheck:               Type '() => VoidOrUndefinedOnly' is not assignable to type 'void | (() => VoidOrUndefinedOnly)'.
@gnd/jobs typecheck:                 Type '() => VoidOrUndefinedOnly' is not assignable to type '() => VoidOrUndefinedOnly'. Two different types with this name exist, but they are unrelated.
@gnd/jobs typecheck:                   Type 'VoidOrUndefinedOnly' is not assignable to type 'VoidOrUndefinedOnly'. Two different types with this name exist, but they are unrelated.
@gnd/jobs typecheck:                     Type '{ [UNDEFINED_VOID_ONLY]: never; }' is not assignable to type 'VoidOrUndefinedOnly'.
@gnd/jobs typecheck: ../ui/src/components/item.tsx(173,6): error TS2322: Type '{ ref?: Ref<HTMLDivElement> | undefined; key?: Key | null | undefined; defaultChecked?: boolean | undefined; defaultValue?: string | number | readonly string[] | undefined; ... 276 more ...; className: string; }' is not assignable to type 'DetailedHTMLProps<HTMLAttributes<HTMLDivElement>, HTMLDivElement>'.
@gnd/jobs typecheck:   Type '{ ref?: Ref<HTMLDivElement> | undefined; key?: Key | null | undefined; defaultChecked?: boolean | undefined; defaultValue?: string | number | readonly string[] | undefined; ... 276 more ...; className: string; }' is not assignable to type 'ClassAttributes<HTMLDivElement>'.
@gnd/jobs typecheck:     Types of property 'ref' are incompatible.
@gnd/jobs typecheck:       Type 'import("/Users/M1PRO/Documents/code/_turbo/gnd/node_modules/.bun/@types+react@19.2.17/node_modules/@types/react/index").Ref<HTMLDivElement> | undefined' is not assignable to type 'React.Ref<HTMLDivElement> | undefined'.
@gnd/jobs typecheck:         Type '(instance: HTMLDivElement | null) => void | (() => VoidOrUndefinedOnly)' is not assignable to type 'Ref<HTMLDivElement> | undefined'.
@gnd/jobs typecheck:           Type '(instance: HTMLDivElement | null) => void | (() => VoidOrUndefinedOnly)' is not assignable to type '(instance: HTMLDivElement | null) => void | (() => VoidOrUndefinedOnly)'. Two different types with this name exist, but they are unrelated.
@gnd/jobs typecheck:             Type 'void | (() => VoidOrUndefinedOnly)' is not assignable to type 'void | (() => VoidOrUndefinedOnly)'. Two different types with this name exist, but they are unrelated.
@gnd/jobs typecheck:               Type '() => VoidOrUndefinedOnly' is not assignable to type 'void | (() => VoidOrUndefinedOnly)'.
@gnd/jobs typecheck:                 Type '() => VoidOrUndefinedOnly' is not assignable to type '() => VoidOrUndefinedOnly'. Two different types with this name exist, but they are unrelated.
@gnd/jobs typecheck:                   Type 'VoidOrUndefinedOnly' is not assignable to type 'VoidOrUndefinedOnly'. Two different types with this name exist, but they are unrelated.
@gnd/jobs typecheck:                     Type '{ [UNDEFINED_VOID_ONLY]: never; }' is not assignable to type 'VoidOrUndefinedOnly'.
@gnd/jobs typecheck: Exited with code 2
