@gnd/inventory typecheck: ../db/src/queries/assistant.ts(1320,15): error TS2339: Property 'providerAttempted' does not exist on type 'InputJsonObject | InputJsonArray | { toJSON(): unknown; }'.
@gnd/inventory typecheck:   Property 'providerAttempted' does not exist on type 'InputJsonArray'.
@gnd/inventory typecheck: ../db/src/queries/assistant.ts(1385,15): error TS2339: Property 'providerAttempted' does not exist on type 'InputJsonObject | InputJsonArray | { toJSON(): unknown; }'.
@gnd/inventory typecheck:   Property 'providerAttempted' does not exist on type 'InputJsonArray'.
@gnd/inventory typecheck: ../db/src/queries/reliability-trigger.ts(78,3): error TS18047: 'previous' is possibly 'null'.
@gnd/inventory typecheck: ../db/src/queries/reliability.ts(50,7): error TS2532: Object is possibly 'undefined'.
@gnd/inventory typecheck: ../db/src/queries/reliability.ts(51,8): error TS2532: Object is possibly 'undefined'.
@gnd/inventory typecheck: ../db/src/queries/sales-request-mailbox-content-stores.ts(1552,31): error TS18047: 'currentQueue' is possibly 'null'.
@gnd/inventory typecheck: ../db/src/queries/sales-request-mailbox-content-stores.ts(1554,9): error TS18047: 'currentQueue' is possibly 'null'.
@gnd/inventory typecheck: ../db/src/queries/sales-request-mailbox-content-stores.ts(1557,9): error TS18047: 'currentQueue' is possibly 'null'.
@gnd/inventory typecheck: ../db/src/queries/sales-request-mailbox-content-stores.ts(1559,36): error TS18047: 'currentQueue' is possibly 'null'.
@gnd/inventory typecheck: ../errors/src/index.ts(1,48): error TS2835: Relative import paths need explicit file extensions in ECMAScript imports when '--moduleResolution' is 'node16' or 'nodenext'. Did you mean './app-error.js'?
@gnd/inventory typecheck: ../errors/src/index.ts(2,31): error TS2835: Relative import paths need explicit file extensions in ECMAScript imports when '--moduleResolution' is 'node16' or 'nodenext'. Did you mean './classify.js'?
@gnd/inventory typecheck: ../errors/src/index.ts(3,35): error TS2835: Relative import paths need explicit file extensions in ECMAScript imports when '--moduleResolution' is 'node16' or 'nodenext'. Did you mean './descriptors.js'?
@gnd/inventory typecheck: ../errors/src/index.ts(9,8): error TS2835: Relative import paths need explicit file extensions in ECMAScript imports when '--moduleResolution' is 'node16' or 'nodenext'. Did you mean './public-error.js'?
@gnd/inventory typecheck: ../errors/src/index.ts(10,38): error TS2835: Relative import paths need explicit file extensions in ECMAScript imports when '--moduleResolution' is 'node16' or 'nodenext'. Did you mean './reference.js'?
@gnd/inventory typecheck: ../errors/src/index.ts(11,38): error TS2835: Relative import paths need explicit file extensions in ECMAScript imports when '--moduleResolution' is 'node16' or 'nodenext'. Did you mean './presentation.js'?
@gnd/inventory typecheck: ../errors/src/index.ts(21,8): error TS2835: Relative import paths need explicit file extensions in ECMAScript imports when '--moduleResolution' is 'node16' or 'nodenext'. Did you mean './types.js'?
@gnd/inventory typecheck: src/application/definitions/dyke-step-components.test.ts(129,19): error TS2339: Property 'data' does not exist on type 'never'.
@gnd/inventory typecheck: src/application/definitions/dyke-step-components.test.ts(130,19): error TS2339: Property 'data' does not exist on type 'never'.
@gnd/inventory typecheck: src/application/definitions/dyke-step-components.test.ts(131,13): error TS2339: Property 'data' does not exist on type 'never'.
@gnd/inventory typecheck: src/application/pricing/update-dyke-component-pricing.test.ts(18,49): error TS2345: Argument of type '{ stepId: number; stepProductUid: string; pricings: { id: number; dependenciesUid: string; price: number; }[]; }' is not assignable to parameter of type '{ stepId: number; stepProductUid: string; pricings: { id?: number | undefined; dependenciesUid?: string | undefined; price?: number | null | undefined; }[]; triggerInventorySync: boolean; }'.
@gnd/inventory typecheck:   Property 'triggerInventorySync' is missing in type '{ stepId: number; stepProductUid: string; pricings: { id: number; dependenciesUid: string; price: number; }[]; }' but required in type '{ stepId: number; stepProductUid: string; pricings: { id?: number | undefined; dependenciesUid?: string | undefined; price?: number | null | undefined; }[]; triggerInventorySync: boolean; }'.
@gnd/inventory typecheck: src/application/pricing/update-dyke-component-pricing.test.ts(62,66): error TS2345: Argument of type '{ stepId: number; stepProductUid: string; pricings: { dependenciesUid: string; price: number; }[]; }' is not assignable to parameter of type '{ stepId: number; stepProductUid: string; pricings: { id?: number | undefined; dependenciesUid?: string | undefined; price?: number | null | undefined; }[]; triggerInventorySync: boolean; }'.
@gnd/inventory typecheck:   Property 'triggerInventorySync' is missing in type '{ stepId: number; stepProductUid: string; pricings: { dependenciesUid: string; price: number; }[]; }' but required in type '{ stepId: number; stepProductUid: string; pricings: { id?: number | undefined; dependenciesUid?: string | undefined; price?: number | null | undefined; }[]; triggerInventorySync: boolean; }'.
@gnd/inventory typecheck: src/application/pricing/update-dyke-component-pricing.test.ts(99,66): error TS2345: Argument of type '{ stepId: number; stepProductUid: string; pricings: { dependenciesUid: string; price: number; }[]; }' is not assignable to parameter of type '{ stepId: number; stepProductUid: string; pricings: { id?: number | undefined; dependenciesUid?: string | undefined; price?: number | null | undefined; }[]; triggerInventorySync: boolean; }'.
@gnd/inventory typecheck:   Property 'triggerInventorySync' is missing in type '{ stepId: number; stepProductUid: string; pricings: { dependenciesUid: string; price: number; }[]; }' but required in type '{ stepId: number; stepProductUid: string; pricings: { id?: number | undefined; dependenciesUid?: string | undefined; price?: number | null | undefined; }[]; triggerInventorySync: boolean; }'.
@gnd/inventory typecheck: src/application/sync/inventory-to-dyke-sync.test.ts(13,10): error TS2352: Conversion of type '{ $transaction: (work: (tx: Db) => Promise<unknown>) => Promise<unknown>; event: DynamicModelExtensionThis<Prisma.TypeMap<InternalArgs & { result: {}; model: {}; query: {}; client: {}; }, {}>, "Event", { result: {}; model: {}; query: {}; client: {}; }>; ... 364 more ...; $connect: () => Promise<void>; }' to type 'DynamicClientExtensionThis<TypeMap<InternalArgs & { result: {}; model: {}; query: {}; client: {}; }, {}>, TypeMapCb<{ log: ("error" | "warn")[]; transactionOptions: { readonly maxWait: 5000; readonly timeout: 15000; }; }>, { ...; }>' may be a mistake because neither type sufficiently overlaps with the other. If this was intentional, convert the expression to 'unknown' first.
@gnd/inventory typecheck:   Type '{ $transaction: (work: (tx: Db) => Promise<unknown>) => Promise<unknown>; event: DynamicModelExtensionThis<Prisma.TypeMap<InternalArgs & { result: {}; model: {}; query: {}; client: {}; }, {}>, "Event", { result: {}; model: {}; query: {}; client: {}; }>; ... 364 more ...; $connect: () => Promise<void>; }' is not comparable to type '{ $extends: ExtendsHook<"extends", TypeMapCb<{ log: ("error" | "warn")[]; transactionOptions: { readonly maxWait: 5000; readonly timeout: 15000; }; }>, { result: {}; model: {}; query: {}; client: {}; }, TypeMap<...>>; $transaction: { ...; }; $disconnect: () => Promise<...>; $connect: () => Promise<...>; }'.
@gnd/inventory typecheck:     Types of property '$transaction' are incompatible.
@gnd/inventory typecheck:       Type '(work: (tx: Db) => Promise<unknown>) => Promise<unknown>' is not comparable to type '{ <P extends PrismaPromise<any>[]>(arg: [...P], options?: { isolationLevel?: TransactionIsolationLevel | undefined; } | undefined): Promise<UnwrapTuple<P>>; <R>(fn: (client: Omit<...>) => Promise<...>, options?: { ...; } | undefined): Promise<...>; }'.
@gnd/inventory typecheck:         Types of parameters 'work' and 'arg' are incompatible.
@gnd/inventory typecheck:           Type 'any[]' is not comparable to type '(tx: DynamicClientExtensionThis<TypeMap<InternalArgs & { result: {}; model: {}; query: {}; client: {}; }, {}>, TypeMapCb<{ log: ("error" | "warn")[]; transactionOptions: { readonly maxWait: 5000; readonly timeout: 15000; }; }>, { ...; }>) => Promise<...>'.
@gnd/inventory typecheck:             Type 'any[]' provides no match for the signature '(tx: DynamicClientExtensionThis<TypeMap<InternalArgs & { result: {}; model: {}; query: {}; client: {}; }, {}>, TypeMapCb<{ log: ("error" | "warn")[]; transactionOptions: { readonly maxWait: 5000; readonly timeout: 15000; }; }>, { ...; }>): Promise<...>'.
@gnd/inventory typecheck: src/application/sync/inventory-to-dyke-sync.test.ts(16,12): error TS2352: Conversion of type '{ salesWorkflowCatalogRevision: { createMany: () => Promise<{ count: number; }>; update: () => Promise<{ revision: number; }>; }; event: DynamicModelExtensionThis<Prisma.TypeMap<InternalArgs & { ...; }, {}>, "Event", { ...; }>; ... 364 more ...; $connect: () => Promise<void>; }' to type 'DynamicClientExtensionThis<TypeMap<InternalArgs & { result: {}; model: {}; query: {}; client: {}; }, {}>, TypeMapCb<{ log: ("error" | "warn")[]; transactionOptions: { readonly maxWait: 5000; readonly timeout: 15000; }; }>, { ...; }>' may be a mistake because neither type sufficiently overlaps with the other. If this was intentional, convert the expression to 'unknown' first.
@gnd/inventory typecheck:   Type '{ salesWorkflowCatalogRevision: { createMany: () => Promise<{ count: number; }>; update: () => Promise<{ revision: number; }>; }; event: DynamicModelExtensionThis<Prisma.TypeMap<InternalArgs & { ...; }, {}>, "Event", { ...; }>; ... 364 more ...; $connect: () => Promise<void>; }' is not comparable to type '{ event: DynamicModelExtensionThis<TypeMap<InternalArgs & { result: {}; model: {}; query: {}; client: {}; }, {}>, "Event", { result: {}; model: {}; query: {}; client: {}; }>; ... 356 more ...; webAuthVerification: DynamicModelExtensionThis<...>; }'.
@gnd/inventory typecheck:     Types of property 'salesWorkflowCatalogRevision' are incompatible.
@gnd/inventory typecheck:       Type '{ createMany: () => Promise<{ count: number; }>; update: () => Promise<{ revision: number; }>; }' is not comparable to type 'DynamicModelExtensionThis<TypeMap<InternalArgs & { result: {}; model: {}; query: {}; client: {}; }, {}>, "SalesWorkflowCatalogRevision", { result: {}; model: {}; query: {}; client: {}; }>'.
@gnd/inventory typecheck:         Type '{ createMany: () => Promise<{ count: number; }>; update: () => Promise<{ revision: number; }>; }' is missing the following properties from type '{ findUnique: <A extends SalesWorkflowCatalogRevisionFindUniqueArgs<InternalArgs & { result: {}; model: {}; query: {}; client: {}; }>>(args: Exact<...>) => DynamicModelExtensionFluentApi<...> & PrismaPromise<...>; ... 13 more ...; count: <A extends SalesWorkflowCatalogRevisionCountArgs<...>>(args?: Exact<...> | unde...': findUnique, findUniqueOrThrow, findFirst, findFirstOrThrow, and 9 more.
@gnd/inventory typecheck: src/application/sync/inventory-to-dyke-sync.test.ts(315,30): error TS2769: No overload matches this call.
@gnd/inventory typecheck:   Overload 1 of 2, '(expected: null): void', gave the following error.
@gnd/inventory typecheck:     Argument of type '{ deletedAt: null; dykeStepId: number; name: string; img: string; }' is not assignable to parameter of type 'null'.
@gnd/inventory typecheck:   Overload 2 of 2, '(expected: null): void', gave the following error.
@gnd/inventory typecheck:     Argument of type '{ deletedAt: null; dykeStepId: number; name: string; img: string; }' is not assignable to parameter of type 'null'.
@gnd/inventory typecheck: ../observability/src/reliability/index.ts(8,8): error TS2835: Relative import paths need explicit file extensions in ECMAScript imports when '--moduleResolution' is 'node16' or 'nodenext'. Did you mean './intake.js'?
@gnd/inventory typecheck: ../observability/src/reliability/index.ts(9,35): error TS2835: Relative import paths need explicit file extensions in ECMAScript imports when '--moduleResolution' is 'node16' or 'nodenext'. Did you mean './vercel-drain.js'?
@gnd/inventory typecheck: ../observability/src/reliability/index.ts(10,39): error TS2835: Relative import paths need explicit file extensions in ECMAScript imports when '--moduleResolution' is 'node16' or 'nodenext'. Did you mean './vercel-log-query.js'?
@gnd/inventory typecheck: ../observability/src/reliability/index.ts(11,40): error TS2835: Relative import paths need explicit file extensions in ECMAScript imports when '--moduleResolution' is 'node16' or 'nodenext'. Did you mean './vercel-query-page.js'?
@gnd/inventory typecheck: ../observability/src/reliability/index.ts(15,8): error TS2835: Relative import paths need explicit file extensions in ECMAScript imports when '--moduleResolution' is 'node16' or 'nodenext'. Did you mean './vercel-query-checkpoint.js'?
@gnd/inventory typecheck: ../observability/src/reliability/index.ts(16,47): error TS2835: Relative import paths need explicit file extensions in ECMAScript imports when '--moduleResolution' is 'node16' or 'nodenext'. Did you mean './vercel-deployment.js'?
@gnd/inventory typecheck: ../observability/src/reliability/index.ts(17,56): error TS2835: Relative import paths need explicit file extensions in ECMAScript imports when '--moduleResolution' is 'node16' or 'nodenext'. Did you mean './vercel-log.js'?
@gnd/inventory typecheck: ../observability/src/reliability/index.ts(21,8): error TS2835: Relative import paths need explicit file extensions in ECMAScript imports when '--moduleResolution' is 'node16' or 'nodenext'. Did you mean './sentry-alert.js'?
@gnd/inventory typecheck: ../observability/src/reliability/index.ts(27,8): error TS2835: Relative import paths need explicit file extensions in ECMAScript imports when '--moduleResolution' is 'node16' or 'nodenext'. Did you mean './sentry-read.js'?
@gnd/inventory typecheck: ../observability/src/reliability/index.ts(32,8): error TS2835: Relative import paths need explicit file extensions in ECMAScript imports when '--moduleResolution' is 'node16' or 'nodenext'. Did you mean './trigger-run.js'?
@gnd/inventory typecheck: ../observability/src/reliability/index.ts(38,8): error TS2835: Relative import paths need explicit file extensions in ECMAScript imports when '--moduleResolution' is 'node16' or 'nodenext'. Did you mean './trigger-read.js'?
@gnd/inventory typecheck: ../observability/src/reliability/index.ts(39,43): error TS2835: Relative import paths need explicit file extensions in ECMAScript imports when '--moduleResolution' is 'node16' or 'nodenext'. Did you mean './github-evidence-block.js'?
@gnd/inventory typecheck: ../observability/src/reliability/index.ts(40,46): error TS2835: Relative import paths need explicit file extensions in ECMAScript imports when '--moduleResolution' is 'node16' or 'nodenext'. Did you mean './github-create.js'?
@gnd/inventory typecheck: ../observability/src/reliability/index.ts(41,47): error TS2835: Relative import paths need explicit file extensions in ECMAScript imports when '--moduleResolution' is 'node16' or 'nodenext'. Did you mean './github-receipt.js'?
@gnd/inventory typecheck: ../observability/src/reliability/index.ts(42,45): error TS2835: Relative import paths need explicit file extensions in ECMAScript imports when '--moduleResolution' is 'node16' or 'nodenext'. Did you mean './github-discovery.js'?
@gnd/inventory typecheck: ../observability/src/reliability/index.ts(43,47): error TS2835: Relative import paths need explicit file extensions in ECMAScript imports when '--moduleResolution' is 'node16' or 'nodenext'. Did you mean './github-recover.js'?
@gnd/inventory typecheck: ../observability/src/reliability/index.ts(45,36): error TS2835: Relative import paths need explicit file extensions in ECMAScript imports when '--moduleResolution' is 'node16' or 'nodenext'. Did you mean './github-response.js'?
@gnd/inventory typecheck: ../observability/src/reliability/index.ts(46,49): error TS2835: Relative import paths need explicit file extensions in ECMAScript imports when '--moduleResolution' is 'node16' or 'nodenext'. Did you mean './github-create.js'?
@gnd/inventory typecheck: ../observability/src/reliability/index.ts(47,39): error TS2835: Relative import paths need explicit file extensions in ECMAScript imports when '--moduleResolution' is 'node16' or 'nodenext'. Did you mean './github-publish.js'?
@gnd/inventory typecheck: ../observability/src/reliability/index.ts(48,34): error TS2835: Relative import paths need explicit file extensions in ECMAScript imports when '--moduleResolution' is 'node16' or 'nodenext'. Did you mean './github-app-jwt.js'?
@gnd/inventory typecheck: ../observability/src/reliability/index.ts(49,49): error TS2835: Relative import paths need explicit file extensions in ECMAScript imports when '--moduleResolution' is 'node16' or 'nodenext'. Did you mean './github-installation-token.js'?
@gnd/inventory typecheck: ../observability/src/reliability/index.ts(50,52): error TS2835: Relative import paths need explicit file extensions in ECMAScript imports when '--moduleResolution' is 'node16' or 'nodenext'. Did you mean './evidence-counts.js'?
@gnd/inventory typecheck: ../observability/src/reliability/index.ts(51,50): error TS2835: Relative import paths need explicit file extensions in ECMAScript imports when '--moduleResolution' is 'node16' or 'nodenext'. Did you mean './evidence-packet.js'?
@gnd/inventory typecheck: ../observability/src/reliability/index.ts(52,54): error TS2835: Relative import paths need explicit file extensions in ECMAScript imports when '--moduleResolution' is 'node16' or 'nodenext'. Did you mean './evidence-references.js'?
@gnd/inventory typecheck: ../observability/src/reliability/index.ts(53,48): error TS2835: Relative import paths need explicit file extensions in ECMAScript imports when '--moduleResolution' is 'node16' or 'nodenext'. Did you mean './evidence-draft.js'?
@gnd/inventory typecheck: ../sales-request-mailbox/src/index.ts(8,8): error TS2835: Relative import paths need explicit file extensions in ECMAScript imports when '--moduleResolution' is 'node16' or 'nodenext'. Did you mean './adapter.js'?
@gnd/inventory typecheck: ../sales-request-mailbox/src/index.ts(14,8): error TS2835: Relative import paths need explicit file extensions in ECMAScript imports when '--moduleResolution' is 'node16' or 'nodenext'. Did you mean './connection-lifecycle.js'?
@gnd/inventory typecheck: ../sales-request-mailbox/src/index.ts(28,8): error TS2835: Relative import paths need explicit file extensions in ECMAScript imports when '--moduleResolution' is 'node16' or 'nodenext'. Did you mean './connection-lifecycle.js'?
@gnd/inventory typecheck: ../sales-request-mailbox/src/index.ts(48,8): error TS2835: Relative import paths need explicit file extensions in ECMAScript imports when '--moduleResolution' is 'node16' or 'nodenext'. Did you mean './contracts.js'?
@gnd/inventory typecheck: ../sales-request-mailbox/src/index.ts(62,8): error TS2835: Relative import paths need explicit file extensions in ECMAScript imports when '--moduleResolution' is 'node16' or 'nodenext'. Did you mean './contracts.js'?
@gnd/inventory typecheck: ../sales-request-mailbox/src/index.ts(67,8): error TS2835: Relative import paths need explicit file extensions in ECMAScript imports when '--moduleResolution' is 'node16' or 'nodenext'. Did you mean './crypto.js'?
@gnd/inventory typecheck: ../sales-request-mailbox/src/index.ts(68,45): error TS2835: Relative import paths need explicit file extensions in ECMAScript imports when '--moduleResolution' is 'node16' or 'nodenext'. Did you mean './crypto.js'?
@gnd/inventory typecheck: ../sales-request-mailbox/src/index.ts(73,8): error TS2835: Relative import paths need explicit file extensions in ECMAScript imports when '--moduleResolution' is 'node16' or 'nodenext'. Did you mean './environment.js'?
@gnd/inventory typecheck: ../sales-request-mailbox/src/index.ts(74,48): error TS2835: Relative import paths need explicit file extensions in ECMAScript imports when '--moduleResolution' is 'node16' or 'nodenext'. Did you mean './environment.js'?
@gnd/inventory typecheck: ../sales-request-mailbox/src/index.ts(80,8): error TS2835: Relative import paths need explicit file extensions in ECMAScript imports when '--moduleResolution' is 'node16' or 'nodenext'. Did you mean './disconnect-lifecycle.js'?
@gnd/inventory typecheck: ../sales-request-mailbox/src/index.ts(90,8): error TS2835: Relative import paths need explicit file extensions in ECMAScript imports when '--moduleResolution' is 'node16' or 'nodenext'. Did you mean './disconnect-lifecycle.js'?
@gnd/inventory typecheck: ../sales-request-mailbox/src/index.ts(95,8): error TS2835: Relative import paths need explicit file extensions in ECMAScript imports when '--moduleResolution' is 'node16' or 'nodenext'. Did you mean './errors.js'?
@gnd/inventory typecheck: ../sales-request-mailbox/src/index.ts(99,8): error TS2835: Relative import paths need explicit file extensions in ECMAScript imports when '--moduleResolution' is 'node16' or 'nodenext'. Did you mean './errors.js'?
@gnd/inventory typecheck: ../sales-request-mailbox/src/index.ts(108,8): error TS2835: Relative import paths need explicit file extensions in ECMAScript imports when '--moduleResolution' is 'node16' or 'nodenext'. Did you mean './provider-request.js'?
@gnd/inventory typecheck: ../sales-request-mailbox/src/index.ts(112,8): error TS2835: Relative import paths need explicit file extensions in ECMAScript imports when '--moduleResolution' is 'node16' or 'nodenext'. Did you mean './provider-request.js'?
@gnd/inventory typecheck: ../sales-request-mailbox/src/index.ts(119,8): error TS2835: Relative import paths need explicit file extensions in ECMAScript imports when '--moduleResolution' is 'node16' or 'nodenext'. Did you mean './oauth-state.js'?
@gnd/inventory typecheck: ../sales-request-mailbox/src/index.ts(123,8): error TS2835: Relative import paths need explicit file extensions in ECMAScript imports when '--moduleResolution' is 'node16' or 'nodenext'. Did you mean './oauth-state.js'?
@gnd/inventory typecheck: ../sales-request-mailbox/src/index.ts(129,8): error TS2835: Relative import paths need explicit file extensions in ECMAScript imports when '--moduleResolution' is 'node16' or 'nodenext'. Did you mean './sanitization.js'?
@gnd/inventory typecheck: ../sales-request-mailbox/src/index.ts(134,8): error TS2835: Relative import paths need explicit file extensions in ECMAScript imports when '--moduleResolution' is 'node16' or 'nodenext'. Did you mean './cursor-recovery.js'?
@gnd/inventory typecheck: ../sales-request-mailbox/src/index.ts(138,8): error TS2835: Relative import paths need explicit file extensions in ECMAScript imports when '--moduleResolution' is 'node16' or 'nodenext'. Did you mean './cursor-recovery.js'?
@gnd/inventory typecheck: ../sales-request-mailbox/src/index.ts(143,8): error TS2835: Relative import paths need explicit file extensions in ECMAScript imports when '--moduleResolution' is 'node16' or 'nodenext'. Did you mean './providers/index.js'?
@gnd/inventory typecheck: ../sales-request-mailbox/src/index.ts(148,8): error TS2835: Relative import paths need explicit file extensions in ECMAScript imports when '--moduleResolution' is 'node16' or 'nodenext'. Did you mean './providers/index.js'?
@gnd/inventory typecheck: ../sales-request-mailbox/src/index.ts(153,8): error TS2835: Relative import paths need explicit file extensions in ECMAScript imports when '--moduleResolution' is 'node16' or 'nodenext'. Did you mean './sync-orchestrator.js'?
@gnd/inventory typecheck: ../sales-request-mailbox/src/index.ts(160,8): error TS2835: Relative import paths need explicit file extensions in ECMAScript imports when '--moduleResolution' is 'node16' or 'nodenext'. Did you mean './token-health-lifecycle.js'?
@gnd/inventory typecheck: ../sales-request-mailbox/src/index.ts(168,8): error TS2835: Relative import paths need explicit file extensions in ECMAScript imports when '--moduleResolution' is 'node16' or 'nodenext'. Did you mean './token-health-lifecycle.js'?
@gnd/inventory typecheck: ../sales-request-mailbox/src/index.ts(174,8): error TS2835: Relative import paths need explicit file extensions in ECMAScript imports when '--moduleResolution' is 'node16' or 'nodenext'. Did you mean './message-detail.js'?
@gnd/inventory typecheck: ../sales-request-mailbox/src/index.ts(187,8): error TS2835: Relative import paths need explicit file extensions in ECMAScript imports when '--moduleResolution' is 'node16' or 'nodenext'. Did you mean './message-detail.js'?
@gnd/inventory typecheck: ../sales-request-mailbox/src/index.ts(201,8): error TS2835: Relative import paths need explicit file extensions in ECMAScript imports when '--moduleResolution' is 'node16' or 'nodenext'. Did you mean './sync-orchestrator.js'?
@gnd/inventory typecheck: ../sales-request-mailbox/src/index.ts(232,8): error TS2835: Relative import paths need explicit file extensions in ECMAScript imports when '--moduleResolution' is 'node16' or 'nodenext'. Did you mean './inbox-read.js'?
@gnd/inventory typecheck: ../sales-request-mailbox/src/index.ts(236,8): error TS2835: Relative import paths need explicit file extensions in ECMAScript imports when '--moduleResolution' is 'node16' or 'nodenext'. Did you mean './inbox-cursor.js'?
@gnd/inventory typecheck: ../sales-request-mailbox/src/index.ts(240,8): error TS2835: Relative import paths need explicit file extensions in ECMAScript imports when '--moduleResolution' is 'node16' or 'nodenext'. Did you mean './inbox-cursor.js'?
@gnd/inventory typecheck: ../sales-request-mailbox/src/index.ts(258,8): error TS2835: Relative import paths need explicit file extensions in ECMAScript imports when '--moduleResolution' is 'node16' or 'nodenext'. Did you mean './inbox-read.js'?
@gnd/inventory typecheck: ../sales-request-mailbox/src/index.ts(262,8): error TS2835: Relative import paths need explicit file extensions in ECMAScript imports when '--moduleResolution' is 'node16' or 'nodenext'. Did you mean './retention-cleanup.js'?
@gnd/inventory typecheck: ../sales-request-mailbox/src/index.ts(266,8): error TS2835: Relative import paths need explicit file extensions in ECMAScript imports when '--moduleResolution' is 'node16' or 'nodenext'. Did you mean './retention-cleanup.js'?
@gnd/inventory typecheck: Exited with code 2
